Archive member included to satisfy reference by file (symbol)

D:\A1\Test_APP_Leds\CORE\ALibSys\libSTLIB_H533.a(STM32_LibH5_BLib533.o)
                              ./CORE/ALibSys/STH5_CStartupU.o (SystemInit)
D:\A1\Test_APP_Leds\CORE\ALibSys\libSTLIB_H533.a(STM32_LibH5_BSys533.o)
                              ./CORE/ALibSys/STH5_CStartupU.o (SysTick_Handler)
D:\A1\Test_APP_Leds\CORE\ALibSys\libSTLIB_H533.a(ISEP_AffiOLed.o)
                              ./CORE/BH5_Amain.o (AOLED_FillScreen)
D:\A1\Test_APP_Leds\CORE\ALibSys\libSTLIB_H533.a(STM32_H5HAL_CORE.o)
                              D:\A1\Test_APP_Leds\CORE\ALibSys\libSTLIB_H533.a(STM32_LibH5_BLib533.o) (HAL_Init)
D:\A1\Test_APP_Leds\CORE\ALibSys\libSTLIB_H533.a(STM32_H5HAL_GAnalog.o)
                              ./CORE/BH5_Amain.o (analogReadData)
D:\A1\Test_APP_Leds\CORE\ALibSys\libSTLIB_H533.a(STM32_H5HAL_GPIO.o)
                              D:\A1\Test_APP_Leds\CORE\ALibSys\libSTLIB_H533.a(STM32_H5HAL_GAnalog.o) (ST_NumPortPad)
D:\A1\Test_APP_Leds\CORE\ALibSys\libSTLIB_H533.a(STM32_H5HAL_I2C.o)
                              D:\A1\Test_APP_Leds\CORE\ALibSys\libSTLIB_H533.a(STM32_LibH5_BLib533.o) (HAL_I2C_Init)
D:\A1\Test_APP_Leds\CORE\ALibSys\libSTLIB_H533.a(STM32_H5HAL_IRQIO.o)
                              D:\A1\Test_APP_Leds\CORE\ALibSys\libSTLIB_H533.a(STM32_LibH5_BLib533.o) (Init_Usage_Irq)
D:\A1\Test_APP_Leds\CORE\ALibSys\libSTLIB_H533.a(STM32_H5HAL_PWM2.o)
                              ./CORE/BH5_Amain.o (Buzzer_Stop)
D:\A1\Test_APP_Leds\CORE\ALibSys\libSTLIB_H533.a(STM32_H5HAL_RCC.o)
                              D:\A1\Test_APP_Leds\CORE\ALibSys\libSTLIB_H533.a(STM32_LibH5_BLib533.o) (HAL_RCC_OscConfig)
D:\A1\Test_APP_Leds\CORE\ALibSys\libSTLIB_H533.a(STM32_H5HAL_UART.o)
                              D:\A1\Test_APP_Leds\CORE\ALibSys\libSTLIB_H533.a(STM32_LibH5_BLib533.o) (HAL_UART_Init)
C:/Program Files/STM32CubeIDE_2.0.0/STM32CubeIDE/plugins/com.st.stm32cube.ide.mcu.externaltools.gnu-tools-for-stm32.13.3.rel1.win32_1.0.100.202509120712/tools/bin/../lib/gcc/arm-none-eabi/13.3.1/../../../../arm-none-eabi/lib/thumb/v8-m.main+fp/hard\libc.a(libc_a-exit.o)
                              C:/Program Files/STM32CubeIDE_2.0.0/STM32CubeIDE/plugins/com.st.stm32cube.ide.mcu.externaltools.gnu-tools-for-stm32.13.3.rel1.win32_1.0.100.202509120712/tools/bin/../lib/gcc/arm-none-eabi/13.3.1/../../../../arm-none-eabi/lib/thumb/v8-m.main+fp/hard/crt0.o (exit)
C:/Program Files/STM32CubeIDE_2.0.0/STM32CubeIDE/plugins/com.st.stm32cube.ide.mcu.externaltools.gnu-tools-for-stm32.13.3.rel1.win32_1.0.100.202509120712/tools/bin/../lib/gcc/arm-none-eabi/13.3.1/../../../../arm-none-eabi/lib/thumb/v8-m.main+fp/hard\libc.a(libc_a-findfp.o)
                              C:/Program Files/STM32CubeIDE_2.0.0/STM32CubeIDE/plugins/com.st.stm32cube.ide.mcu.externaltools.gnu-tools-for-stm32.13.3.rel1.win32_1.0.100.202509120712/tools/bin/../lib/gcc/arm-none-eabi/13.3.1/../../../../arm-none-eabi/lib/thumb/v8-m.main+fp/hard\libc.a(libc_a-exit.o) (__stdio_exit_handler)
C:/Program Files/STM32CubeIDE_2.0.0/STM32CubeIDE/plugins/com.st.stm32cube.ide.mcu.externaltools.gnu-tools-for-stm32.13.3.rel1.win32_1.0.100.202509120712/tools/bin/../lib/gcc/arm-none-eabi/13.3.1/../../../../arm-none-eabi/lib/thumb/v8-m.main+fp/hard\libc.a(libc_a-fwalk.o)
                              C:/Program Files/STM32CubeIDE_2.0.0/STM32CubeIDE/plugins/com.st.stm32cube.ide.mcu.externaltools.gnu-tools-for-stm32.13.3.rel1.win32_1.0.100.202509120712/tools/bin/../lib/gcc/arm-none-eabi/13.3.1/../../../../arm-none-eabi/lib/thumb/v8-m.main+fp/hard\libc.a(libc_a-findfp.o) (_fwalk_sglue)
C:/Program Files/STM32CubeIDE_2.0.0/STM32CubeIDE/plugins/com.st.stm32cube.ide.mcu.externaltools.gnu-tools-for-stm32.13.3.rel1.win32_1.0.100.202509120712/tools/bin/../lib/gcc/arm-none-eabi/13.3.1/../../../../arm-none-eabi/lib/thumb/v8-m.main+fp/hard\libc.a(libc_a-stdio.o)
                              C:/Program Files/STM32CubeIDE_2.0.0/STM32CubeIDE/plugins/com.st.stm32cube.ide.mcu.externaltools.gnu-tools-for-stm32.13.3.rel1.win32_1.0.100.202509120712/tools/bin/../lib/gcc/arm-none-eabi/13.3.1/../../../../arm-none-eabi/lib/thumb/v8-m.main+fp/hard\libc.a(libc_a-findfp.o) (__sread)
C:/Program Files/STM32CubeIDE_2.0.0/STM32CubeIDE/plugins/com.st.stm32cube.ide.mcu.externaltools.gnu-tools-for-stm32.13.3.rel1.win32_1.0.100.202509120712/tools/bin/../lib/gcc/arm-none-eabi/13.3.1/../../../../arm-none-eabi/lib/thumb/v8-m.main+fp/hard\libc.a(libc_a-memset.o)
                              C:/Program Files/STM32CubeIDE_2.0.0/STM32CubeIDE/plugins/com.st.stm32cube.ide.mcu.externaltools.gnu-tools-for-stm32.13.3.rel1.win32_1.0.100.202509120712/tools/bin/../lib/gcc/arm-none-eabi/13.3.1/../../../../arm-none-eabi/lib/thumb/v8-m.main+fp/hard/crt0.o (memset)
[...]
Memory Configuration

Name             Origin             Length             Attributes
FLASH1           0x08000000         0x0006fc00         xr
FLASH2           0x08070000         0x0000fc00         xr
RAM12            0x20000000         0x00033c00         rw
RAM3             0x20034000         0x0000fc00         rw
*default*        0x00000000         0xffffffff

Linker script and memory map

LOAD C:/Program Files/STM32CubeIDE_2.0.0/STM32CubeIDE/plugins/com.st.stm32cube.ide.mcu.externaltools.gnu-tools-for-stm32.13.3.rel1.win32_1.0.100.202509120712/tools/bin/../lib/gcc/arm-none-eabi/13.3.1/thumb/v8-m.main+fp/hard/crti.o
LOAD C:/Program Files/STM32CubeIDE_2.0.0/STM32CubeIDE/plugins/com.st.stm32cube.ide.mcu.externaltools.gnu-tools-for-stm32.13.3.rel1.win32_1.0.100.202509120712/tools/bin/../lib/gcc/arm-none-eabi/13.3.1/thumb/v8-m.main+fp/hard/crtbegin.o
LOAD C:/Program Files/STM32CubeIDE_2.0.0/STM32CubeIDE/plugins/com.st.stm32cube.ide.mcu.externaltools.gnu-tools-for-stm32.13.3.rel1.win32_1.0.100.202509120712/tools/bin/../lib/gcc/arm-none-eabi/13.3.1/../../../../arm-none-eabi/lib/thumb/v8-m.main+fp/hard/crt0.o
LOAD ./CORE/ALibSys/STH5_CStartupU.o
LOAD ./CORE/BH5_Amain.o
LOAD D:\A1\Test_APP_Leds\CORE\ALibSys\libSTLIB_H533.a
START GROUP
LOAD C:/Program Files/STM32CubeIDE_2.0.0/STM32CubeIDE/plugins/com.st.stm32cube.ide.mcu.externaltools.gnu-tools-for-stm32.13.3.rel1.win32_1.0.100.202509120712/tools/bin/../lib/gcc/arm-none-eabi/13.3.1/../../../../arm-none-eabi/lib/thumb/v8-m.main+fp/hard\libc.a
LOAD C:/Program Files/STM32CubeIDE_2.0.0/STM32CubeIDE/plugins/com.st.stm32cube.ide.mcu.externaltools.gnu-tools-for-stm32.13.3.rel1.win32_1.0.100.202509120712/tools/bin/../lib/gcc/arm-none-eabi/13.3.1/../../../../arm-none-eabi/lib/thumb/v8-m.main+fp/hard\libm.a
END GROUP
START GROUP
LOAD C:/Program Files/STM32CubeIDE_2.0.0/STM32CubeIDE/plugins/com.st.stm32cube.ide.mcu.externaltools.gnu-tools-for-stm32.13.3.rel1.win32_1.0.100.202509120712/tools/bin/../lib/gcc/arm-none-eabi/13.3.1/thumb/v8-m.main+fp/hard\libgcc.a
LOAD C:/Program Files/STM32CubeIDE_2.0.0/STM32CubeIDE/plugins/com.st.stm32cube.ide.mcu.externaltools.gnu-tools-for-stm32.13.3.rel1.win32_1.0.100.202509120712/tools/bin/../lib/gcc/arm-none-eabi/13.3.1/../../../../arm-none-eabi/lib/thumb/v8-m.main+fp/hard\libc.a
END GROUP
START GROUP
LOAD C:/Program Files/STM32CubeIDE_2.0.0/STM32CubeIDE/plugins/com.st.stm32cube.ide.mcu.externaltools.gnu-tools-for-stm32.13.3.rel1.win32_1.0.100.202509120712/tools/bin/../lib/gcc/arm-none-eabi/13.3.1/thumb/v8-m.main+fp/hard\libgcc.a
LOAD C:/Program Files/STM32CubeIDE_2.0.0/STM32CubeIDE/plugins/com.st.stm32cube.ide.mcu.externaltools.gnu-tools-for-stm32.13.3.rel1.win32_1.0.100.202509120712/tools/bin/../lib/gcc/arm-none-eabi/13.3.1/../../../../arm-none-eabi/lib/thumb/v8-m.main+fp/hard\libc.a
LOAD C:/Program Files/STM32CubeIDE_2.0.0/STM32CubeIDE/plugins/com.st.stm32cube.ide.mcu.externaltools.gnu-tools-for-stm32.13.3.rel1.win32_1.0.100.202509120712/tools/bin/../lib/gcc/arm-none-eabi/13.3.1/../../../../arm-none-eabi/lib/thumb/v8-m.main+fp/hard\libnosys.a
END GROUP
LOAD C:/Program Files/STM32CubeIDE_2.0.0/STM32CubeIDE/plugins/com.st.stm32cube.ide.mcu.externaltools.gnu-tools-for-stm32.13.3.rel1.win32_1.0.100.202509120712/tools/bin/../lib/gcc/arm-none-eabi/13.3.1/thumb/v8-m.main+fp/hard/crtend.o
LOAD C:/Program Files/STM32CubeIDE_2.0.0/STM32CubeIDE/plugins/com.st.stm32cube.ide.mcu.externaltools.gnu-tools-for-stm32.13.3.rel1.win32_1.0.100.202509120712/tools/bin/../lib/gcc/arm-none-eabi/13.3.1/thumb/v8-m.main+fp/hard/crtn.o
                0x20033c00                        _estack = (ORIGIN (RAM12) + LENGTH (RAM12))
                0x00001000                        _Min_Heap_Size = 0x1000
                0x00000800                        _Min_Stack_Size = 0x800

.isr_vector     0x08000000      0x254
                0x08000000                        . = ALIGN (0x4)
 *(.isr_vector)
 .isr_vector    0x08000000      0x254 ./CORE/ALibSys/STH5_CStartupU.o
                0x08000000                g_pfnVectors
                0x08000254                        . = ALIGN (0x4)

.text           0x08000258     0x2bc8
                0x08000258                        . = ALIGN (0x4)
 *(.text)
 .text          0x08000258       0x40 C:/Program Files/STM32CubeIDE_2.0.0/STM32CubeIDE/plugins/com.st.stm32cube.ide.mcu.externaltools.gnu-tools-for-stm32.13.3.rel1.win32_1.0.100.202509120712/tools/bin/../lib/gcc/arm-none-eabi/13.3.1/thumb/v8-m.main+fp/hard/crtbegin.o
 .text          0x08000298      0x378 C:/Program Files/STM32CubeIDE_2.0.0/STM32CubeIDE/plugins/com.st.stm32cube.ide.mcu.externaltools.gnu-tools-for-stm32.13.3.rel1.win32_1.0.100.202509120712/tools/bin/../lib/gcc/arm-none-eabi/13.3.1/thumb/v8-m.main+fp/hard\libgcc.a(_arm_addsubdf3.o)
                0x08000298                __aeabi_drsub
                0x080002a0                __aeabi_dsub
                0x080002a0                __subdf3
                0x080002a4                __aeabi_dadd
                0x080002a4                __adddf3
                0x0800051c                __floatunsidf
                0x0800051c                __aeabi_ui2d
                0x0800053c                __floatsidf
                0x0800053c                __aeabi_i2d
                0x08000560                __aeabi_f2d
                0x08000560                __extendsfdf2
                0x080005a4                __floatundidf
                0x080005a4                __aeabi_ul2d
                0x080005b4                __floatdidf
                0x080005b4                __aeabi_l2d
 .text          0x08000610      0x424 C:/Program Files/STM32CubeIDE_2.0.0/STM32CubeIDE/plugins/com.st.stm32cube.ide.mcu.externaltools.gnu-tools-for-stm32.13.3.rel1.win32_1.0.100.202509120712/tools/bin/../lib/gcc/arm-none-eabi/13.3.1/thumb/v8-m.main+fp/hard\libgcc.a(_arm_muldivdf3.o)
                0x08000610                __aeabi_dmul
                0x08000610                __muldf3
                0x08000864                __divdf3
                0x08000864                __aeabi_ddiv
 .text          0x08000a34       0x50 C:/Program Files/STM32CubeIDE_2.0.0/STM32CubeIDE/plugins/com.st.stm32cube.ide.mcu.externaltools.gnu-tools-for-stm32.13.3.rel1.win32_1.0.100.202509120712/tools/bin/../lib/gcc/arm-none-eabi/13.3.1/thumb/v8-m.main+fp/hard\libgcc.a(_arm_fixdfsi.o)
                0x08000a34                __aeabi_d2iz
                0x08000a34                __fixdfsi
 *(.text*)
 .text.Reset_Handler
                0x08000a84       0x80 ./CORE/ALibSys/STH5_CStartupU.o
                0x08000a84                Reset_Handler
 .text.Default_Handler
                0x08000b04       0x26 ./CORE/ALibSys/STH5_CStartupU.o
                0x08000b04                TIM8_TRG_COM_IRQHandler
                0x08000b04                TIM8_CC_IRQHandler
                0x08000b04                EXTI5_IRQHandler
                0x08000b04                HASH_IRQHandler
                0x08000b04                I3C1_ER_IRQHandler
                0x08000b04                SPI4_IRQHandler
                0x08000b04                GPDMA2_Channel1_IRQHandler
                0x08000b04                FLASH_S_IRQHandler
                0x08000b04                TIM1_CC_IRQHandler
                0x08000b04                HardFault_Handler
                0x08000b04                GPDMA2_Channel3_IRQHandler
                0x08000b04                TAMP_IRQHandler
                0x08000b04                TIM6_IRQHandler
                0x08000b04                EXTI12_IRQHandler
                0x08000b04                USB_DRD_FS_IRQHandler
                0x08000b04                NMI_Handler
                0x08000b04                EXTI3_IRQHandler
                0x08000b04                GPDMA1_Channel5_IRQHandler
                0x08000b04                GPDMA2_Channel5_IRQHandler
                0x08000b04                LPTIM2_IRQHandler
                0x08000b04                I2C3_ER_IRQHandler
                0x08000b04                GPDMA2_Channel2_IRQHandler
                0x08000b04                EXTI0_IRQHandler
                0x08000b04                I2C2_EV_IRQHandler
                0x08000b04                FPU_IRQHandler
                0x08000b04                GPDMA1_Channel3_IRQHandler
                0x08000b04                GPDMA1_Channel7_IRQHandler
                0x08000b04                FDCAN1_IT1_IRQHandler
                0x08000b04                ICACHE_IRQHandler
                0x08000b04                RAMCFG_IRQHandler
                0x08000b04                UsageFault_Handler
                0x08000b04                DCACHE1_IRQHandler
                0x08000b04                SPI1_IRQHandler
                0x08000b04                OCTOSPI1_IRQHandler
                0x08000b04                GPDMA1_Channel2_IRQHandler
                0x08000b04                TIM8_UP_IRQHandler
                0x08000b04                RCC_S_IRQHandler
                0x08000b04                DCMI_PSSI_IRQHandler
                0x08000b04                LPTIM1_IRQHandler
                0x08000b04                ADC1_IRQHandler
                0x08000b04                PKA_IRQHandler
                0x08000b04                USART6_IRQHandler
                0x08000b04                I3C2_ER_IRQHandler
                0x08000b04                RTC_IRQHandler
                0x08000b04                EXTI6_IRQHandler
                0x08000b04                UART5_IRQHandler
                0x08000b04                FMC_IRQHandler
                0x08000b04                TIM4_IRQHandler
                0x08000b04                I2C1_ER_IRQHandler
                0x08000b04                I3C2_EV_IRQHandler
                0x08000b04                I2C1_EV_IRQHandler
                0x08000b04                GPDMA1_Channel1_IRQHandler
                0x08000b04                UART4_IRQHandler
                0x08000b04                SecureFault_Handler
                0x08000b04                TIM3_IRQHandler
                0x08000b04                RCC_IRQHandler
                0x08000b04                TIM1_TRG_COM_IRQHandler
                0x08000b04                Default_Handler
                0x08000b04                SPI3_IRQHandler
                0x08000b04                BusFault_Handler
                0x08000b04                CEC_IRQHandler
                0x08000b04                OTFDEC1_IRQHandler
                0x08000b04                GPDMA2_Channel4_IRQHandler
                0x08000b04                TIM12_IRQHandler
                0x08000b04                SDMMC1_IRQHandler
                0x08000b04                SAES_IRQHandler
                0x08000b04                TIM5_IRQHandler
                0x08000b04                UCPD1_IRQHandler
                0x08000b04                GPDMA1_Channel0_IRQHandler
                0x08000b04                I3C1_EV_IRQHandler
                0x08000b04                TIM15_IRQHandler
                0x08000b04                PVD_AVD_IRQHandler
                0x08000b04                I2C3_EV_IRQHandler
                0x08000b04                FLASH_IRQHandler
                0x08000b04                ADC2_IRQHandler
                0x08000b04                SPI2_IRQHandler
                0x08000b04                MemManage_Handler
                0x08000b04                TIM8_BRK_IRQHandler
                0x08000b04                EXTI14_IRQHandler
                0x08000b04                EXTI11_IRQHandler
                0x08000b04                CRS_IRQHandler
                0x08000b04                EXTI4_IRQHandler
                0x08000b04                GPDMA2_Channel0_IRQHandler
                0x08000b04                RTC_S_IRQHandler
                0x08000b04                RNG_IRQHandler
                0x08000b04                I2C2_ER_IRQHandler
                0x08000b04                FDCAN2_IT1_IRQHandler
                0x08000b04                GPDMA2_Channel6_IRQHandler
                0x08000b04                TIM1_UP_IRQHandler
                0x08000b04                FDCAN2_IT0_IRQHandler
                0x08000b04                IWDG_IRQHandler
                0x08000b04                LPUART1_IRQHandler
                0x08000b04                GPDMA2_Channel7_IRQHandler
                0x08000b04                FDCAN1_IT0_IRQHandler
                0x08000b04                TIM2_IRQHandler
                0x08000b04                GPDMA1_Channel6_IRQHandler
                0x08000b04                GPDMA1_Channel4_IRQHandler
                0x08000b04                TIM1_BRK_IRQHandler
                0x08000b04                EXTI1_IRQHandler
                0x08000b04                AES_IRQHandler
                0x08000b04                DAC1_IRQHandler
                0x08000b04                DTS_IRQHandler
                0x08000b04                GTZC_IRQHandler
                0x08000b0c                _exit
                0x08000b10                _getpid
                0x08000b10                _isatty
                0x08000b16                _link
                0x08000b16                _execve
                0x08000b16                _kill
                0x08000b16                _unlink
                0x08000b16                _fork
                0x08000b16                _wait
                0x08000b16                _open
                0x08000b16                _times
                0x08000b16                _close
                0x08000b1c                _lseek
                0x08000b1c                _fstat
                0x08000b1c                _stat
                0x08000b22                __env
                0x08000b26                environ
 *fill*         0x08000b2a        0x2 
 .text.setup    0x08000b2c       0x68 ./CORE/BH5_Amain.o
                0x08000b2c                setup
 .text.jouer_note
                0x08000b94       0x1c ./CORE/BH5_Amain.o
                0x08000b94                jouer_note
 .text.jouer_mario
                0x08000bb0      0x288 ./CORE/BH5_Amain.o
                0x08000bb0                jouer_mario
 .text.loop     0x08000e38       0x9c ./CORE/BH5_Amain.o
                0x08000e38                loop
 .text.main     0x08000ed4        0xc ./CORE/BH5_Amain.o
                0x08000ed4                main
 .text.SystemInit
                0x08000ee0       0x24 D:\A1\Test_APP_Leds\CORE\ALibSys\libSTLIB_H533.a(STM32_LibH5_BLib533.o)
                0x08000ee0                SystemInit
 .text.AppH533RE_Init
                0x08000f04      0x3fc D:\A1\Test_APP_Leds\CORE\ALibSys\libSTLIB_H533.a(STM32_LibH5_BLib533.o)
                0x08000f04                AppH533RE_Init
 .text.Lecture_Bouton_2
                0x08001300       0x70 D:\A1\Test_APP_Leds\CORE\ALibSys\libSTLIB_H533.a(STM32_LibH5_BLib533.o)
                0x08001300                Lecture_Bouton_2
 .text.Error_Handler
                0x08001370       0x3c D:\A1\Test_APP_Leds\CORE\ALibSys\libSTLIB_H533.a(STM32_LibH5_BLib533.o)
                0x08001370                Error_Handler
 .text.SysTick_Handler
                0x080013ac        0xc D:\A1\Test_APP_Leds\CORE\ALibSys\libSTLIB_H533.a(STM32_LibH5_BSys533.o)
                0x080013ac                SysTick_Handler
 .text.USART1_IRQHandler
                0x080013b8       0x18 D:\A1\Test_APP_Leds\CORE\ALibSys\libSTLIB_H533.a(STM32_LibH5_BSys533.o)
                0x080013b8                USART1_IRQHandler
 .text.USART2_IRQHandler
                0x080013d0       0x18 D:\A1\Test_APP_Leds\CORE\ALibSys\libSTLIB_H533.a(STM32_LibH5_BSys533.o)
                0x080013d0                USART2_IRQHandler
 .text.USART3_IRQHandler
                0x080013e8        0xe D:\A1\Test_APP_Leds\CORE\ALibSys\libSTLIB_H533.a(STM32_LibH5_BSys533.o)
                0x080013e8                USART3_IRQHandler
 .text.TIM7_IRQHandler
                0x080013f6        0xc D:\A1\Test_APP_Leds\CORE\ALibSys\libSTLIB_H533.a(STM32_LibH5_BSys533.o)
                0x080013f6                TIM7_IRQHandler
 .text.SVC_Handler
                0x08001402        0xe D:\A1\Test_APP_Leds\CORE\ALibSys\libSTLIB_H533.a(STM32_LibH5_BSys533.o)
                0x08001402                SVC_Handler
 .text.DebugMon_Handler
                0x08001410        0xe D:\A1\Test_APP_Leds\CORE\ALibSys\libSTLIB_H533.a(STM32_LibH5_BSys533.o)
                0x08001410                DebugMon_Handler
 .text.PendSV_Handler
                0x0800141e        0xe D:\A1\Test_APP_Leds\CORE\ALibSys\libSTLIB_H533.a(STM32_LibH5_BSys533.o)
                0x0800141e                PendSV_Handler
 .text.WWDG_IRQHandler
                0x0800142c       0x12 D:\A1\Test_APP_Leds\CORE\ALibSys\libSTLIB_H533.a(STM32_LibH5_BSys533.o)
                0x0800142c                WWDG_IRQHandler
 *fill*         0x0800143e        0x2 
 .text.AOLED_WriteCmde
                0x08001440       0x30 D:\A1\Test_APP_Leds\CORE\ALibSys\libSTLIB_H533.a(ISEP_AffiOLed.o)
 .text.AOLED_WriteData
                0x08001470       0x30 D:\A1\Test_APP_Leds\CORE\ALibSys\libSTLIB_H533.a(ISEP_AffiOLed.o)
 .text.AOLED_SetAdrsLin
                0x080014a0       0x2c D:\A1\Test_APP_Leds\CORE\ALibSys\libSTLIB_H533.a(ISEP_AffiOLed.o)
 .text.AOLED_SetAdrsCol
                0x080014cc       0x3c D:\A1\Test_APP_Leds\CORE\ALibSys\libSTLIB_H533.a(ISEP_AffiOLed.o)
 .text.AOLED_FillScreen
                0x08001508       0x60 D:\A1\Test_APP_Leds\CORE\ALibSys\libSTLIB_H533.a(ISEP_AffiOLed.o)
                0x08001508                AOLED_FillScreen
 .text.AOLED_ClearScreen
                0x08001568       0x20 D:\A1\Test_APP_Leds\CORE\ALibSys\libSTLIB_H533.a(ISEP_AffiOLed.o)
                0x08001568                AOLED_ClearScreen
 .text.AOLED_DisplayCarac
                0x08001588       0x7c D:\A1\Test_APP_Leds\CORE\ALibSys\libSTLIB_H533.a(ISEP_AffiOLed.o)
                0x08001588                AOLED_DisplayCarac
 .text.AOLED_DisplayTexte
                0x08001604       0x44 D:\A1\Test_APP_Leds\CORE\ALibSys\libSTLIB_H533.a(ISEP_AffiOLed.o)
                0x08001604                AOLED_DisplayTexte
 .text.AOLED_InitScreen
                0x08001648       0xb8 D:\A1\Test_APP_Leds\CORE\ALibSys\libSTLIB_H533.a(ISEP_AffiOLed.o)
                0x08001648                AOLED_InitScreen
 .text.__NVIC_SetPriorityGrouping
                0x08001700       0x48 D:\A1\Test_APP_Leds\CORE\ALibSys\libSTLIB_H533.a(STM32_H5HAL_CORE.o)
 .text.__NVIC_GetPriorityGrouping
                0x08001748       0x1c D:\A1\Test_APP_Leds\CORE\ALibSys\libSTLIB_H533.a(STM32_H5HAL_CORE.o)
 .text.__NVIC_EnableIRQ
                0x08001764       0x3c D:\A1\Test_APP_Leds\CORE\ALibSys\libSTLIB_H533.a(STM32_H5HAL_CORE.o)
 .text.__NVIC_DisableIRQ
                0x080017a0       0x48 D:\A1\Test_APP_Leds\CORE\ALibSys\libSTLIB_H533.a(STM32_H5HAL_CORE.o)
 .text.__NVIC_SetPriority
                0x080017e8       0x54 D:\A1\Test_APP_Leds\CORE\ALibSys\libSTLIB_H533.a(STM32_H5HAL_CORE.o)
 .text.NVIC_EncodePriority
                0x0800183c       0x66 D:\A1\Test_APP_Leds\CORE\ALibSys\libSTLIB_H533.a(STM32_H5HAL_CORE.o)
 *fill*         0x080018a2        0x2 
 .text.SysTick_Config
                0x080018a4       0x44 D:\A1\Test_APP_Leds\CORE\ALibSys\libSTLIB_H533.a(STM32_H5HAL_CORE.o)
 .text.HAL_Init
                0x080018e8       0x44 D:\A1\Test_APP_Leds\CORE\ALibSys\libSTLIB_H533.a(STM32_H5HAL_CORE.o)
                0x080018e8                HAL_Init
 .text.HAL_SYSTICK_Config
                0x0800192c       0x24 D:\A1\Test_APP_Leds\CORE\ALibSys\libSTLIB_H533.a(STM32_H5HAL_CORE.o)
                0x0800192c                HAL_SYSTICK_Config
 .text.HAL_IncTick
                0x08001950       0x1c D:\A1\Test_APP_Leds\CORE\ALibSys\libSTLIB_H533.a(STM32_H5HAL_CORE.o)
                0x08001950                HAL_IncTick
 .text.HAL_GetTickMilli
                0x0800196c       0x18 D:\A1\Test_APP_Leds\CORE\ALibSys\libSTLIB_H533.a(STM32_H5HAL_CORE.o)
                0x0800196c                HAL_GetTickMilli
 .text.HAL_DelayMillis
                0x08001984       0x3c D:\A1\Test_APP_Leds\CORE\ALibSys\libSTLIB_H533.a(STM32_H5HAL_CORE.o)
                0x08001984                HAL_DelayMillis
 .text.HAL_TIM2_Init
                0x080019c0       0x9c D:\A1\Test_APP_Leds\CORE\ALibSys\libSTLIB_H533.a(STM32_H5HAL_CORE.o)
                0x080019c0                HAL_TIM2_Init
 .text.HAL_NVIC_EnableIRQ
                0x08001a5c       0x1c D:\A1\Test_APP_Leds\CORE\ALibSys\libSTLIB_H533.a(STM32_H5HAL_CORE.o)
                0x08001a5c                HAL_NVIC_EnableIRQ
 .text.HAL_NVIC_DisableIRQ
                0x08001a78       0x1c D:\A1\Test_APP_Leds\CORE\ALibSys\libSTLIB_H533.a(STM32_H5HAL_CORE.o)
                0x08001a78                HAL_NVIC_DisableIRQ
 .text.HAL_NVIC_SetPriorityGrouping
                0x08001a94       0x16 D:\A1\Test_APP_Leds\CORE\ALibSys\libSTLIB_H533.a(STM32_H5HAL_CORE.o)
                0x08001a94                HAL_NVIC_SetPriorityGrouping
 .text.HAL_NVIC_SetPriority
                0x08001aaa       0x34 D:\A1\Test_APP_Leds\CORE\ALibSys\libSTLIB_H533.a(STM32_H5HAL_CORE.o)
                0x08001aaa                HAL_NVIC_SetPriority
 *fill*         0x08001ade        0x2 
 .text.ADC_ReadDataAdc1
                0x08001ae0       0x70 D:\A1\Test_APP_Leds\CORE\ALibSys\libSTLIB_H533.a(STM32_H5HAL_GAnalog.o)
 .text.analogReadData
                0x08001b50       0x60 D:\A1\Test_APP_Leds\CORE\ALibSys\libSTLIB_H533.a(STM32_H5HAL_GAnalog.o)
                0x08001b50                analogReadData
 .text.HAL_ADC_ConfigMono
                0x08001bb0      0x170 D:\A1\Test_APP_Leds\CORE\ALibSys\libSTLIB_H533.a(STM32_H5HAL_GAnalog.o)
                0x08001bb0                HAL_ADC_ConfigMono
 .text.TIM7_Irq_AudioOut
                0x08001d20       0xd8 D:\A1\Test_APP_Leds\CORE\ALibSys\libSTLIB_H533.a(STM32_H5HAL_GAnalog.o)
                0x08001d20                TIM7_Irq_AudioOut
 .text.Init_Usage_analog
                0x08001df8       0x3c D:\A1\Test_APP_Leds\CORE\ALibSys\libSTLIB_H533.a(STM32_H5HAL_GPIO.o)
                0x08001df8                Init_Usage_analog
 .text.Get_PinParam
                0x08001e34       0x70 D:\A1\Test_APP_Leds\CORE\ALibSys\libSTLIB_H533.a(STM32_H5HAL_GPIO.o)
 .text.HAL_GPIO_DefPinMode
                0x08001ea4      0x1f0 D:\A1\Test_APP_Leds\CORE\ALibSys\libSTLIB_H533.a(STM32_H5HAL_GPIO.o)
                0x08001ea4                HAL_GPIO_DefPinMode
 .text.pinMode  0x08002094       0x2c D:\A1\Test_APP_Leds\CORE\ALibSys\libSTLIB_H533.a(STM32_H5HAL_GPIO.o)
                0x08002094                pinMode
 .text.HAL_GPIO_ReadPin
                0x080020c0       0x32 D:\A1\Test_APP_Leds\CORE\ALibSys\libSTLIB_H533.a(STM32_H5HAL_GPIO.o)
                0x080020c0                HAL_GPIO_ReadPin
 .text.HAL_GPIO_WritePin
                0x080020f2       0x30 D:\A1\Test_APP_Leds\CORE\ALibSys\libSTLIB_H533.a(STM32_H5HAL_GPIO.o)
                0x080020f2                HAL_GPIO_WritePin
 *fill*         0x08002122        0x2 
 .text.digitalRead
                0x08002124       0x58 D:\A1\Test_APP_Leds\CORE\ALibSys\libSTLIB_H533.a(STM32_H5HAL_GPIO.o)
                0x08002124                digitalRead
 .text.digitalWrite
                0x0800217c       0x54 D:\A1\Test_APP_Leds\CORE\ALibSys\libSTLIB_H533.a(STM32_H5HAL_GPIO.o)
                0x0800217c                digitalWrite
 .text.HAL_I2C_Init
                0x080021d0       0x68 D:\A1\Test_APP_Leds\CORE\ALibSys\libSTLIB_H533.a(STM32_H5HAL_I2C.o)
                0x080021d0                HAL_I2C_Init
 .text.HAL_I2C_Transmit
                0x08002238      0x1a4 D:\A1\Test_APP_Leds\CORE\ALibSys\libSTLIB_H533.a(STM32_H5HAL_I2C.o)
                0x08002238                HAL_I2C_Transmit
 .text.__NVIC_ClearPendingIRQ
                0x080023dc       0x3c D:\A1\Test_APP_Leds\CORE\ALibSys\libSTLIB_H533.a(STM32_H5HAL_IRQIO.o)
 .text.Init_Usage_Irq
                0x08002418       0xf4 D:\A1\Test_APP_Leds\CORE\ALibSys\libSTLIB_H533.a(STM32_H5HAL_IRQIO.o)
                0x08002418                Init_Usage_Irq
 .text.Gen_IRQHandler
                0x0800250c       0x74 D:\A1\Test_APP_Leds\CORE\ALibSys\libSTLIB_H533.a(STM32_H5HAL_IRQIO.o)
                0x0800250c                Gen_IRQHandler
 .text.EXTI2_IRQHandler
                0x08002580        0xe D:\A1\Test_APP_Leds\CORE\ALibSys\libSTLIB_H533.a(STM32_H5HAL_IRQIO.o)
                0x08002580                EXTI2_IRQHandler
 .text.EXTI7_IRQHandler
                0x0800258e        0xe D:\A1\Test_APP_Leds\CORE\ALibSys\libSTLIB_H533.a(STM32_H5HAL_IRQIO.o)
                0x0800258e                EXTI7_IRQHandler
 .text.EXTI8_IRQHandler
                0x0800259c        0xe D:\A1\Test_APP_Leds\CORE\ALibSys\libSTLIB_H533.a(STM32_H5HAL_IRQIO.o)
                0x0800259c                EXTI8_IRQHandler
 .text.EXTI9_IRQHandler
                0x080025aa        0xe D:\A1\Test_APP_Leds\CORE\ALibSys\libSTLIB_H533.a(STM32_H5HAL_IRQIO.o)
                0x080025aa                EXTI9_IRQHandler
 .text.EXTI10_IRQHandler
                0x080025b8        0xe D:\A1\Test_APP_Leds\CORE\ALibSys\libSTLIB_H533.a(STM32_H5HAL_IRQIO.o)
                0x080025b8                EXTI10_IRQHandler
 .text.EXTI13_IRQHandler
                0x080025c6        0xe D:\A1\Test_APP_Leds\CORE\ALibSys\libSTLIB_H533.a(STM32_H5HAL_IRQIO.o)
                0x080025c6                EXTI13_IRQHandler
 .text.EXTI15_IRQHandler
                0x080025d4        0xe D:\A1\Test_APP_Leds\CORE\ALibSys\libSTLIB_H533.a(STM32_H5HAL_IRQIO.o)
                0x080025d4                EXTI15_IRQHandler
 *fill*         0x080025e2        0x2 
 .text.Buzzer_Stop
                0x080025e4       0x34 D:\A1\Test_APP_Leds\CORE\ALibSys\libSTLIB_H533.a(STM32_H5HAL_PWM2.o)
                0x080025e4                Buzzer_Stop
 .text.Buzzer_Init
                0x08002618       0x70 D:\A1\Test_APP_Leds\CORE\ALibSys\libSTLIB_H533.a(STM32_H5HAL_PWM2.o)
                0x08002618                Buzzer_Init
 .text.Buzzer_Active
                0x08002688       0xb4 D:\A1\Test_APP_Leds\CORE\ALibSys\libSTLIB_H533.a(STM32_H5HAL_PWM2.o)
                0x08002688                Buzzer_Active
 .text.HAL_RCC_OscConfig
                0x0800273c      0x168 D:\A1\Test_APP_Leds\CORE\ALibSys\libSTLIB_H533.a(STM32_H5HAL_RCC.o)
                0x0800273c                HAL_RCC_OscConfig
 .text.HAL_RCC_ClockConfig
                0x080028a4      0x160 D:\A1\Test_APP_Leds\CORE\ALibSys\libSTLIB_H533.a(STM32_H5HAL_RCC.o)
                0x080028a4                HAL_RCC_ClockConfig
 .text.HAL_RCC_GetSysClockFreq
                0x08002a04      0x138 D:\A1\Test_APP_Leds\CORE\ALibSys\libSTLIB_H533.a(STM32_H5HAL_RCC.o)
                0x08002a04                HAL_RCC_GetSysClockFreq
 .text.HAL_UART_Init
                0x08002b3c       0xfc D:\A1\Test_APP_Leds\CORE\ALibSys\libSTLIB_H533.a(STM32_H5HAL_UART.o)
                0x08002b3c                HAL_UART_Init
 .text.HAL_UART_IRQHandler
                0x08002c38       0xb8 D:\A1\Test_APP_Leds\CORE\ALibSys\libSTLIB_H533.a(STM32_H5HAL_UART.o)
                0x08002c38                HAL_UART_IRQHandler
 .text.__libc_init_array
                0x08002cf0       0x48 C:/Program Files/STM32CubeIDE_2.0.0/STM32CubeIDE/plugins/com.st.stm32cube.ide.mcu.externaltools.gnu-tools-for-stm32.13.3.rel1.win32_1.0.100.202509120712/tools/bin/../lib/gcc/arm-none-eabi/13.3.1/../../../../arm-none-eabi/lib/thumb/v8-m.main+fp/hard\libc.a(libc_a-init.o)
                0x08002cf0                __libc_init_array
 .text.__retarget_lock_acquire_recursive
                0x08002d38        0x2 C:/Program Files/STM32CubeIDE_2.0.0/STM32CubeIDE/plugins/com.st.stm32cube.ide.mcu.externaltools.gnu-tools-for-stm32.13.3.rel1.win32_1.0.100.202509120712/tools/bin/../lib/gcc/arm-none-eabi/13.3.1/../../../../arm-none-eabi/lib/thumb/v8-m.main+fp/hard\libc.a(libc_a-lock.o)
                0x08002d38                __retarget_lock_acquire_recursive
 .text.__retarget_lock_release_recursive
                0x08002d3a        0x2 C:/Program Files/STM32CubeIDE_2.0.0/STM32CubeIDE/plugins/com.st.stm32cube.ide.mcu.externaltools.gnu-tools-for-stm32.13.3.rel1.win32_1.0.100.202509120712/tools/bin/../lib/gcc/arm-none-eabi/13.3.1/../../../../arm-none-eabi/lib/thumb/v8-m.main+fp/hard\libc.a(libc_a-lock.o)
                0x08002d3a                __retarget_lock_release_recursive
 .text.startup.register_fini
                0x08002d3c       0x14 C:/Program Files/STM32CubeIDE_2.0.0/STM32CubeIDE/plugins/com.st.stm32cube.ide.mcu.externaltools.gnu-tools-for-stm32.13.3.rel1.win32_1.0.100.202509120712/tools/bin/../lib/gcc/arm-none-eabi/13.3.1/../../../../arm-none-eabi/lib/thumb/v8-m.main+fp/hard\libc.a(libc_a-__call_atexit.o)
 .text.atexit   0x08002d50        0xc C:/Program Files/STM32CubeIDE_2.0.0/STM32CubeIDE/plugins/com.st.stm32cube.ide.mcu.externaltools.gnu-tools-for-stm32.13.3.rel1.win32_1.0.100.202509120712/tools/bin/../lib/gcc/arm-none-eabi/13.3.1/../../../../arm-none-eabi/lib/thumb/v8-m.main+fp/hard\libc.a(libc_a-atexit.o)
                0x08002d50                atexit
 .text.__libc_fini_array
                0x08002d5c       0x28 C:/Program Files/STM32CubeIDE_2.0.0/STM32CubeIDE/plugins/com.st.stm32cube.ide.mcu.externaltools.gnu-tools-for-stm32.13.3.rel1.win32_1.0.100.202509120712/tools/bin/../lib/gcc/arm-none-eabi/13.3.1/../../../../arm-none-eabi/lib/thumb/v8-m.main+fp/hard\libc.a(libc_a-fini.o)
                0x08002d5c                __libc_fini_array
 .text.__register_exitproc
                0x08002d84       0x84 C:/Program Files/STM32CubeIDE_2.0.0/STM32CubeIDE/plugins/com.st.stm32cube.ide.mcu.externaltools.gnu-tools-for-stm32.13.3.rel1.win32_1.0.100.202509120712/tools/bin/../lib/gcc/arm-none-eabi/13.3.1/../../../../arm-none-eabi/lib/thumb/v8-m.main+fp/hard\libc.a(libc_a-__atexit.o)
                0x08002d84                __register_exitproc
 *(.glue_7)
 .glue_7        0x08002e08        0x0 linker stubs
 *(.glue_7t)
 .glue_7t       0x08002e08        0x0 linker stubs
 *(.eh_frame)
 .eh_frame      0x08002e08        0x0 C:/Program Files/STM32CubeIDE_2.0.0/STM32CubeIDE/plugins/com.st.stm32cube.ide.mcu.externaltools.gnu-tools-for-stm32.13.3.rel1.win32_1.0.100.202509120712/tools/bin/../lib/gcc/arm-none-eabi/13.3.1/thumb/v8-m.main+fp/hard/crtbegin.o
 *(.init)
 .init          0x08002e08        0x4 C:/Program Files/STM32CubeIDE_2.0.0/STM32CubeIDE/plugins/com.st.stm32cube.ide.mcu.externaltools.gnu-tools-for-stm32.13.3.rel1.win32_1.0.100.202509120712/tools/bin/../lib/gcc/arm-none-eabi/13.3.1/thumb/v8-m.main+fp/hard/crti.o
                0x08002e08                _init
 .init          0x08002e0c        0x8 C:/Program Files/STM32CubeIDE_2.0.0/STM32CubeIDE/plugins/com.st.stm32cube.ide.mcu.externaltools.gnu-tools-for-stm32.13.3.rel1.win32_1.0.100.202509120712/tools/bin/../lib/gcc/arm-none-eabi/13.3.1/thumb/v8-m.main+fp/hard/crtn.o
 *(.fini)
 .fini          0x08002e14        0x4 C:/Program Files/STM32CubeIDE_2.0.0/STM32CubeIDE/plugins/com.st.stm32cube.ide.mcu.externaltools.gnu-tools-for-stm32.13.3.rel1.win32_1.0.100.202509120712/tools/bin/../lib/gcc/arm-none-eabi/13.3.1/thumb/v8-m.main+fp/hard/crti.o
                0x08002e14                _fini
 .fini          0x08002e18        0x8 C:/Program Files/STM32CubeIDE_2.0.0/STM32CubeIDE/plugins/com.st.stm32cube.ide.mcu.externaltools.gnu-tools-for-stm32.13.3.rel1.win32_1.0.100.202509120712/tools/bin/../lib/gcc/arm-none-eabi/13.3.1/thumb/v8-m.main+fp/hard/crtn.o
                0x08002e20                        . = ALIGN (0x4)
                0x08002e20                        _etext = .

.vfp11_veneer   0x08002e20        0x0
 .vfp11_veneer  0x08002e20        0x0 linker stubs

.v4_bx          0x08002e20        0x0
 .v4_bx         0x08002e20        0x0 linker stubs

.iplt           0x08002e20        0x0
 .iplt          0x08002e20        0x0 C:/Program Files/STM32CubeIDE_2.0.0/STM32CubeIDE/plugins/com.st.stm32cube.ide.mcu.externaltools.gnu-tools-for-stm32.13.3.rel1.win32_1.0.100.202509120712/tools/bin/../lib/gcc/arm-none-eabi/13.3.1/thumb/v8-m.main+fp/hard/crtbegin.o

.rodata         0x08002e20      0x270
                0x08002e20                        . = ALIGN (0x4)
 *(.rodata)
 *(.rodata*)
 .rodata.setup.str1.4
                0x08002e20        0xa ./CORE/BH5_Amain.o
 *fill*         0x08002e2a        0x2 
 .rodata.AHBPrescTable
                0x08002e2c       0x10 D:\A1\Test_APP_Leds\CORE\ALibSys\libSTLIB_H533.a(STM32_LibH5_BLib533.o)
                0x08002e2c                AHBPrescTable
 .rodata.APBPrescTable
                0x08002e3c        0x8 D:\A1\Test_APP_Leds\CORE\ALibSys\libSTLIB_H533.a(STM32_LibH5_BLib533.o)
                0x08002e3c                APBPrescTable
 .rodata.SoftVesrion
                0x08002e44        0x9 D:\A1\Test_APP_Leds\CORE\ALibSys\libSTLIB_H533.a(STM32_LibH5_BLib533.o)
                0x08002e44                SoftVesrion
 *fill*         0x08002e4d        0x3 
 .rodata.Isep_Font
                0x08002e50      0x1f9 D:\A1\Test_APP_Leds\CORE\ALibSys\libSTLIB_H533.a(ISEP_AffiOLed.o)
                0x08002e50                Isep_Font
 *fill*         0x08003049        0x3 
 .rodata.ST_NumPortPad
                0x0800304c       0x42 D:\A1\Test_APP_Leds\CORE\ALibSys\libSTLIB_H533.a(STM32_H5HAL_GPIO.o)
                0x0800304c                ST_NumPortPad
                0x08003090                        . = ALIGN (0x4)
 *fill*         0x0800308e        0x2 

.ARM.extab      0x08003090        0x0
                0x08003090                        . = ALIGN (0x4)
 *(.ARM.extab* .gnu.linkonce.armextab.*)
                0x08003090                        . = ALIGN (0x4)

.ARM            0x08003090        0x0
                0x08003090                        . = ALIGN (0x4)
                0x08003090                        __exidx_start = .
 *(.ARM.exidx*)
                0x08003090                        __exidx_end = .
                0x08003090                        . = ALIGN (0x4)

.preinit_array  0x08003090        0x0
                0x08003090                        . = ALIGN (0x4)
                0x08003090                        PROVIDE (__preinit_array_start = .)
 *(.preinit_array*)
                0x08003090                        PROVIDE (__preinit_array_end = .)
                0x08003090                        . = ALIGN (0x4)

.init_array     0x08003090        0x8
                0x08003090                        . = ALIGN (0x4)
                0x08003090                        PROVIDE (__init_array_start = .)
 *(SORT_BY_NAME(.init_array.*))
 .init_array.00000
                0x08003090        0x4 C:/Program Files/STM32CubeIDE_2.0.0/STM32CubeIDE/plugins/com.st.stm32cube.ide.mcu.externaltools.gnu-tools-for-stm32.13.3.rel1.win32_1.0.100.202509120712/tools/bin/../lib/gcc/arm-none-eabi/13.3.1/../../../../arm-none-eabi/lib/thumb/v8-m.main+fp/hard\libc.a(libc_a-__call_atexit.o)
 *(.init_array*)
 .init_array    0x08003094        0x4 C:/Program Files/STM32CubeIDE_2.0.0/STM32CubeIDE/plugins/com.st.stm32cube.ide.mcu.externaltools.gnu-tools-for-stm32.13.3.rel1.win32_1.0.100.202509120712/tools/bin/../lib/gcc/arm-none-eabi/13.3.1/thumb/v8-m.main+fp/hard/crtbegin.o
                0x08003098                        PROVIDE (__init_array_end = .)
                0x08003098                        . = ALIGN (0x4)

.fini_array     0x08003098        0x4
                0x08003098                        . = ALIGN (0x4)
                0x08003098                        PROVIDE (__fini_array_start = .)
 *(SORT_BY_NAME(.fini_array.*))
 *(.fini_array*)
 .fini_array    0x08003098        0x4 C:/Program Files/STM32CubeIDE_2.0.0/STM32CubeIDE/plugins/com.st.stm32cube.ide.mcu.externaltools.gnu-tools-for-stm32.13.3.rel1.win32_1.0.100.202509120712/tools/bin/../lib/gcc/arm-none-eabi/13.3.1/thumb/v8-m.main+fp/hard/crtbegin.o
                0x0800309c                        PROVIDE (__fini_array_end = .)
                0x0800309c                        . = ALIGN (0x4)
                0x0800309c                        _sidata = LOADADDR (.data)

.rel.dyn        0x0800309c        0x0
 .rel.iplt      0x0800309c        0x0 C:/Program Files/STM32CubeIDE_2.0.0/STM32CubeIDE/plugins/com.st.stm32cube.ide.mcu.externaltools.gnu-tools-for-stm32.13.3.rel1.win32_1.0.100.202509120712/tools/bin/../lib/gcc/arm-none-eabi/13.3.1/thumb/v8-m.main+fp/hard/crtbegin.o

.data           0x20000000       0x58 load address 0x0800309c
                0x20000000                        . = ALIGN (0x4)
                0x20000000                        _sdata = .
 *(.data)
 *(.data*)
 .data.sw1_old_state
                0x20000000        0x1 ./CORE/BH5_Amain.o
                0x20000000                sw1_old_state
 *fill*         0x20000001        0x3 
 .data.led_pins
                0x20000004        0xe ./CORE/BH5_Amain.o
                0x20000004                led_pins
 *fill*         0x20000012        0x2 
 .data.PWR      0x20000014        0x4 D:\A1\Test_APP_Leds\CORE\ALibSys\libSTLIB_H533.a(STM32_LibH5_BLib533.o)
                0x20000014                PWR
 .data.RCC      0x20000018        0x4 D:\A1\Test_APP_Leds\CORE\ALibSys\libSTLIB_H533.a(STM32_LibH5_BLib533.o)
                0x20000018                RCC
 .data.EXTI     0x2000001c        0x4 D:\A1\Test_APP_Leds\CORE\ALibSys\libSTLIB_H533.a(STM32_LibH5_BLib533.o)
                0x2000001c                EXTI
 .data.GPIOA    0x20000020        0x4 D:\A1\Test_APP_Leds\CORE\ALibSys\libSTLIB_H533.a(STM32_LibH5_BLib533.o)
                0x20000020                GPIOA
 .data.GPIOB    0x20000024        0x4 D:\A1\Test_APP_Leds\CORE\ALibSys\libSTLIB_H533.a(STM32_LibH5_BLib533.o)
                0x20000024                GPIOB
 .data.GPIOC    0x20000028        0x4 D:\A1\Test_APP_Leds\CORE\ALibSys\libSTLIB_H533.a(STM32_LibH5_BLib533.o)
                0x20000028                GPIOC
 .data.USART1   0x2000002c        0x4 D:\A1\Test_APP_Leds\CORE\ALibSys\libSTLIB_H533.a(STM32_LibH5_BLib533.o)
                0x2000002c                USART1
 .data.USART2   0x20000030        0x4 D:\A1\Test_APP_Leds\CORE\ALibSys\libSTLIB_H533.a(STM32_LibH5_BLib533.o)
                0x20000030                USART2
 .data.TIM2     0x20000034        0x4 D:\A1\Test_APP_Leds\CORE\ALibSys\libSTLIB_H533.a(STM32_LibH5_BLib533.o)
                0x20000034                TIM2
 .data.TIM3     0x20000038        0x4 D:\A1\Test_APP_Leds\CORE\ALibSys\libSTLIB_H533.a(STM32_LibH5_BLib533.o)
                0x20000038                TIM3
 .data.TIM7     0x2000003c        0x4 D:\A1\Test_APP_Leds\CORE\ALibSys\libSTLIB_H533.a(STM32_LibH5_BLib533.o)
                0x2000003c                TIM7
 .data.I2C2     0x20000040        0x4 D:\A1\Test_APP_Leds\CORE\ALibSys\libSTLIB_H533.a(STM32_LibH5_BLib533.o)
                0x20000040                I2C2
 .data.DAC1     0x20000044        0x4 D:\A1\Test_APP_Leds\CORE\ALibSys\libSTLIB_H533.a(STM32_LibH5_BLib533.o)
                0x20000044                DAC1
 .data.ADC1     0x20000048        0x4 D:\A1\Test_APP_Leds\CORE\ALibSys\libSTLIB_H533.a(STM32_LibH5_BLib533.o)
                0x20000048                ADC1
 .data.ADC2     0x2000004c        0x4 D:\A1\Test_APP_Leds\CORE\ALibSys\libSTLIB_H533.a(STM32_LibH5_BLib533.o)
                0x2000004c                ADC2
 .data.ADCxCOM  0x20000050        0x4 D:\A1\Test_APP_Leds\CORE\ALibSys\libSTLIB_H533.a(STM32_LibH5_BLib533.o)
                0x20000050                ADCxCOM
 .data.__atexit_recursive_mutex
                0x20000054        0x4 C:/Program Files/STM32CubeIDE_2.0.0/STM32CubeIDE/plugins/com.st.stm32cube.ide.mcu.externaltools.gnu-tools-for-stm32.13.3.rel1.win32_1.0.100.202509120712/tools/bin/../lib/gcc/arm-none-eabi/13.3.1/../../../../arm-none-eabi/lib/thumb/v8-m.main+fp/hard\libc.a(libc_a-__call_atexit.o)
                0x20000054                __atexit_recursive_mutex
 *(.RamFunc)
 *(.RamFunc*)
                0x20000058                        . = ALIGN (0x4)
                0x20000058                        _edata = .

.igot.plt       0x20000058        0x0 load address 0x080030f4
 .igot.plt      0x20000058        0x0 C:/Program Files/STM32CubeIDE_2.0.0/STM32CubeIDE/plugins/com.st.stm32cube.ide.mcu.externaltools.gnu-tools-for-stm32.13.3.rel1.win32_1.0.100.202509120712/tools/bin/../lib/gcc/arm-none-eabi/13.3.1/thumb/v8-m.main+fp/hard/crtbegin.o
                0x20000058                        . = ALIGN (0x4)

.bss            0x20000058      0x314 load address 0x080030f4
                0x20000058                        _sbss = .
                0x20000058                        __bss_start__ = _sbss
 *(.bss)
 .bss           0x20000058       0x1c C:/Program Files/STM32CubeIDE_2.0.0/STM32CubeIDE/plugins/com.st.stm32cube.ide.mcu.externaltools.gnu-tools-for-stm32.13.3.rel1.win32_1.0.100.202509120712/tools/bin/../lib/gcc/arm-none-eabi/13.3.1/thumb/v8-m.main+fp/hard/crtbegin.o
 *(.bss*)
 .bss.SystemCoreClock
                0x20000074        0x4 D:\A1\Test_APP_Leds\CORE\ALibSys\libSTLIB_H533.a(STM32_LibH5_BLib533.o)
                0x20000074                SystemCoreClock
 .bss.SystemPClock
                0x20000078        0x4 D:\A1\Test_APP_Leds\CORE\ALibSys\libSTLIB_H533.a(STM32_LibH5_BLib533.o)
                0x20000078                SystemPClock
 .bss.SysTimPrescaler
                0x2000007c        0x2 D:\A1\Test_APP_Leds\CORE\ALibSys\libSTLIB_H533.a(STM32_LibH5_BLib533.o)
                0x2000007c                SysTimPrescaler
 *fill*         0x2000007e        0x2 
 .bss.pSerBlueTh
                0x20000080        0x4 D:\A1\Test_APP_Leds\CORE\ALibSys\libSTLIB_H533.a(STM32_LibH5_BLib533.o)
                0x20000080                pSerBlueTh
 .bss.pSerDebug
                0x20000084        0x4 D:\A1\Test_APP_Leds\CORE\ALibSys\libSTLIB_H533.a(STM32_LibH5_BLib533.o)
                0x20000084                pSerDebug
 .bss.pSerUart3
                0x20000088        0x4 D:\A1\Test_APP_Leds\CORE\ALibSys\libSTLIB_H533.a(STM32_LibH5_BLib533.o)
                0x20000088                pSerUart3
 .bss.pI2cAfOled
                0x2000008c        0x4 D:\A1\Test_APP_Leds\CORE\ALibSys\libSTLIB_H533.a(STM32_LibH5_BLib533.o)
                0x2000008c                pI2cAfOled
 .bss.huart1    0x20000090       0x10 D:\A1\Test_APP_Leds\CORE\ALibSys\libSTLIB_H533.a(STM32_LibH5_BLib533.o)
                0x20000090                huart1
 .bss.huart2    0x200000a0       0x10 D:\A1\Test_APP_Leds\CORE\ALibSys\libSTLIB_H533.a(STM32_LibH5_BLib533.o)
                0x200000a0                huart2
 .bss.huart3    0x200000b0       0x10 D:\A1\Test_APP_Leds\CORE\ALibSys\libSTLIB_H533.a(STM32_LibH5_BLib533.o)
                0x200000b0                huart3
 .bss.RxBuff_U1
                0x200000c0       0x40 D:\A1\Test_APP_Leds\CORE\ALibSys\libSTLIB_H533.a(STM32_LibH5_BLib533.o)
                0x200000c0                RxBuff_U1
 .bss.RxBuff_U2
                0x20000100       0x40 D:\A1\Test_APP_Leds\CORE\ALibSys\libSTLIB_H533.a(STM32_LibH5_BLib533.o)
                0x20000100                RxBuff_U2
 .bss.millisTick
                0x20000140        0x4 D:\A1\Test_APP_Leds\CORE\ALibSys\libSTLIB_H533.a(STM32_H5HAL_CORE.o)
 .bss.microsTick
                0x20000144        0x4 D:\A1\Test_APP_Leds\CORE\ALibSys\libSTLIB_H533.a(STM32_H5HAL_CORE.o)
 .bss.AD_ConvStat
                0x20000148        0x2 D:\A1\Test_APP_Leds\CORE\ALibSys\libSTLIB_H533.a(STM32_H5HAL_GAnalog.o)
 *fill*         0x2000014a        0x2 
 .bss.Adrs_Buff32
                0x2000014c        0x4 D:\A1\Test_APP_Leds\CORE\ALibSys\libSTLIB_H533.a(STM32_H5HAL_GAnalog.o)
 .bss.Adrs_Buff16
                0x20000150        0x4 D:\A1\Test_APP_Leds\CORE\ALibSys\libSTLIB_H533.a(STM32_H5HAL_GAnalog.o)
 .bss.Size_Buffer
                0x20000154        0x2 D:\A1\Test_APP_Leds\CORE\ALibSys\libSTLIB_H533.a(STM32_H5HAL_GAnalog.o)
 .bss.IdxRead   0x20000156        0x2 D:\A1\Test_APP_Leds\CORE\ALibSys\libSTLIB_H533.a(STM32_H5HAL_GAnalog.o)
 .bss.DataTypO  0x20000158        0x2 D:\A1\Test_APP_Leds\CORE\ALibSys\libSTLIB_H533.a(STM32_H5HAL_GAnalog.o)
 *fill*         0x2000015a        0x2 
 .bss.ST_AnalogUsed
                0x2000015c       0x22 D:\A1\Test_APP_Leds\CORE\ALibSys\libSTLIB_H533.a(STM32_H5HAL_GPIO.o)
                0x2000015c                ST_AnalogUsed
 *fill*         0x2000017e        0x2 
 .bss.pAdrGpio  0x20000180        0x4 D:\A1\Test_APP_Leds\CORE\ALibSys\libSTLIB_H533.a(STM32_H5HAL_GPIO.o)
 .bss.ST_IrqUsed
                0x20000184       0x10 D:\A1\Test_APP_Leds\CORE\ALibSys\libSTLIB_H533.a(STM32_H5HAL_IRQIO.o)
                0x20000184                ST_IrqUsed
 .bss.ST_IrqFonc
                0x20000194       0x40 D:\A1\Test_APP_Leds\CORE\ALibSys\libSTLIB_H533.a(STM32_H5HAL_IRQIO.o)
                0x20000194                ST_IrqFonc
 .bss.init_Buzz
                0x200001d4        0x2 D:\A1\Test_APP_Leds\CORE\ALibSys\libSTLIB_H533.a(STM32_H5HAL_PWM2.o)
 .bss.__lock___atexit_recursive_mutex
                0x200001d6        0x1 C:/Program Files/STM32CubeIDE_2.0.0/STM32CubeIDE/plugins/com.st.stm32cube.ide.mcu.externaltools.gnu-tools-for-stm32.13.3.rel1.win32_1.0.100.202509120712/tools/bin/../lib/gcc/arm-none-eabi/13.3.1/../../../../arm-none-eabi/lib/thumb/v8-m.main+fp/hard\libc.a(libc_a-lock.o)
                0x200001d6                __lock___atexit_recursive_mutex
 *fill*         0x200001d7        0x1 
 .bss.__atexit  0x200001d8        0x4 C:/Program Files/STM32CubeIDE_2.0.0/STM32CubeIDE/plugins/com.st.stm32cube.ide.mcu.externaltools.gnu-tools-for-stm32.13.3.rel1.win32_1.0.100.202509120712/tools/bin/../lib/gcc/arm-none-eabi/13.3.1/../../../../arm-none-eabi/lib/thumb/v8-m.main+fp/hard\libc.a(libc_a-__call_atexit.o)
                0x200001d8                __atexit
 .bss.__atexit0
                0x200001dc      0x190 C:/Program Files/STM32CubeIDE_2.0.0/STM32CubeIDE/plugins/com.st.stm32cube.ide.mcu.externaltools.gnu-tools-for-stm32.13.3.rel1.win32_1.0.100.202509120712/tools/bin/../lib/gcc/arm-none-eabi/13.3.1/../../../../arm-none-eabi/lib/thumb/v8-m.main+fp/hard\libc.a(libc_a-__atexit.o)
                0x200001dc                __atexit0
 *(COMMON)
                0x2000036c                        . = ALIGN (0x4)
                0x2000036c                        _ebss = .
                0x2000036c                        __bss_end__ = _ebss

._user_heap_stack
                0x2000036c     0x1804 load address 0x080030f4
                0x20000370                        . = ALIGN (0x8)
 *fill*         0x2000036c        0x4 
                0x20000370                        PROVIDE (end = .)
                [!provide]                        PROVIDE (_end = .)
                0x20001370                        . = (. + _Min_Heap_Size)
 *fill*         0x20000370     0x1000 
                0x20001b70                        . = (. + _Min_Stack_Size)
 *fill*         0x20001370      0x800 
                0x20001b70                        . = ALIGN (0x8)

/DISCARD/
 libc.a(*)
 libm.a(*)
 libgcc.a(*)

.ARM.attributes
                0x00000000       0x36
 *(.ARM.attributes)
 .ARM.attributes
                0x00000000       0x26 C:/Program Files/STM32CubeIDE_2.0.0/STM32CubeIDE/plugins/com.st.stm32cube.ide.mcu.externaltools.gnu-tools-for-stm32.13.3.rel1.win32_1.0.100.202509120712/tools/bin/../lib/gcc/arm-none-eabi/13.3.1/thumb/v8-m.main+fp/hard/crti.o
 .ARM.attributes
                0x00000026       0x38 C:/Program Files/STM32CubeIDE_2.0.0/STM32CubeIDE/plugins/com.st.stm32cube.ide.mcu.externaltools.gnu-tools-for-stm32.13.3.rel1.win32_1.0.100.202509120712/tools/bin/../lib/gcc/arm-none-eabi/13.3.1/thumb/v8-m.main+fp/hard/crtbegin.o
 .ARM.attributes
                0x0000005e       0x24 ./CORE/ALibSys/STH5_CStartupU.o
 .ARM.attributes
                0x00000082       0x3a ./CORE/BH5_Amain.o
 .ARM.attributes
                0x000000bc       0x3a D:\A1\Test_APP_Leds\CORE\ALibSys\libSTLIB_H533.a(STM32_LibH5_BLib533.o)
 .ARM.attributes
                0x000000f6       0x3a D:\A1\Test_APP_Leds\CORE\ALibSys\libSTLIB_H533.a(STM32_LibH5_BSys533.o)
 .ARM.attributes
                0x00000130       0x3a D:\A1\Test_APP_Leds\CORE\ALibSys\libSTLIB_H533.a(ISEP_AffiOLed.o)
 .ARM.attributes
                0x0000016a       0x3a D:\A1\Test_APP_Leds\CORE\ALibSys\libSTLIB_H533.a(STM32_H5HAL_CORE.o)
 .ARM.attributes
                0x000001a4       0x3a D:\A1\Test_APP_Leds\CORE\ALibSys\libSTLIB_H533.a(STM32_H5HAL_GAnalog.o)
 .ARM.attributes
                0x000001de       0x3a D:\A1\Test_APP_Leds\CORE\ALibSys\libSTLIB_H533.a(STM32_H5HAL_GPIO.o)
 .ARM.attributes
                0x00000218       0x3a D:\A1\Test_APP_Leds\CORE\ALibSys\libSTLIB_H533.a(STM32_H5HAL_I2C.o)
 .ARM.attributes
                0x00000252       0x3a D:\A1\Test_APP_Leds\CORE\ALibSys\libSTLIB_H533.a(STM32_H5HAL_IRQIO.o)
 .ARM.attributes
                0x0000028c       0x3a D:\A1\Test_APP_Leds\CORE\ALibSys\libSTLIB_H533.a(STM32_H5HAL_PWM2.o)
 .ARM.attributes
                0x000002c6       0x3a D:\A1\Test_APP_Leds\CORE\ALibSys\libSTLIB_H533.a(STM32_H5HAL_RCC.o)
 .ARM.attributes
                0x00000300       0x3a D:\A1\Test_APP_Leds\CORE\ALibSys\libSTLIB_H533.a(STM32_H5HAL_UART.o)
 .ARM.attributes
                0x0000033a       0x38 C:/Program Files/STM32CubeIDE_2.0.0/STM32CubeIDE/plugins/com.st.stm32cube.ide.mcu.externaltools.gnu-tools-for-stm32.13.3.rel1.win32_1.0.100.202509120712/tools/bin/../lib/gcc/arm-none-eabi/13.3.1/../../../../arm-none-eabi/lib/thumb/v8-m.main+fp/hard\libc.a(libc_a-init.o)
 .ARM.attributes
                0x00000372       0x38 C:/Program Files/STM32CubeIDE_2.0.0/STM32CubeIDE/plugins/com.st.stm32cube.ide.mcu.externaltools.gnu-tools-for-stm32.13.3.rel1.win32_1.0.100.202509120712/tools/bin/../lib/gcc/arm-none-eabi/13.3.1/../../../../arm-none-eabi/lib/thumb/v8-m.main+fp/hard\libc.a(libc_a-lock.o)
 .ARM.attributes
                0x000003aa       0x38 C:/Program Files/STM32CubeIDE_2.0.0/STM32CubeIDE/plugins/com.st.stm32cube.ide.mcu.externaltools.gnu-tools-for-stm32.13.3.rel1.win32_1.0.100.202509120712/tools/bin/../lib/gcc/arm-none-eabi/13.3.1/../../../../arm-none-eabi/lib/thumb/v8-m.main+fp/hard\libc.a(libc_a-__call_atexit.o)
 .ARM.attributes
                0x000003e2       0x38 C:/Program Files/STM32CubeIDE_2.0.0/STM32CubeIDE/plugins/com.st.stm32cube.ide.mcu.externaltools.gnu-tools-for-stm32.13.3.rel1.win32_1.0.100.202509120712/tools/bin/../lib/gcc/arm-none-eabi/13.3.1/../../../../arm-none-eabi/lib/thumb/v8-m.main+fp/hard\libc.a(libc_a-atexit.o)
 .ARM.attributes
                0x0000041a       0x38 C:/Program Files/STM32CubeIDE_2.0.0/STM32CubeIDE/plugins/com.st.stm32cube.ide.mcu.externaltools.gnu-tools-for-stm32.13.3.rel1.win32_1.0.100.202509120712/tools/bin/../lib/gcc/arm-none-eabi/13.3.1/../../../../arm-none-eabi/lib/thumb/v8-m.main+fp/hard\libc.a(libc_a-fini.o)
 .ARM.attributes
                0x00000452       0x38 C:/Program Files/STM32CubeIDE_2.0.0/STM32CubeIDE/plugins/com.st.stm32cube.ide.mcu.externaltools.gnu-tools-for-stm32.13.3.rel1.win32_1.0.100.202509120712/tools/bin/../lib/gcc/arm-none-eabi/13.3.1/../../../../arm-none-eabi/lib/thumb/v8-m.main+fp/hard\libc.a(libc_a-__atexit.o)
 .ARM.attributes
                0x0000048a       0x26 C:/Program Files/STM32CubeIDE_2.0.0/STM32CubeIDE/plugins/com.st.stm32cube.ide.mcu.externaltools.gnu-tools-for-stm32.13.3.rel1.win32_1.0.100.202509120712/tools/bin/../lib/gcc/arm-none-eabi/13.3.1/thumb/v8-m.main+fp/hard\libgcc.a(_arm_addsubdf3.o)
 .ARM.attributes
                0x000004b0       0x26 C:/Program Files/STM32CubeIDE_2.0.0/STM32CubeIDE/plugins/com.st.stm32cube.ide.mcu.externaltools.gnu-tools-for-stm32.13.3.rel1.win32_1.0.100.202509120712/tools/bin/../lib/gcc/arm-none-eabi/13.3.1/thumb/v8-m.main+fp/hard\libgcc.a(_arm_muldivdf3.o)
 .ARM.attributes
                0x000004d6       0x26 C:/Program Files/STM32CubeIDE_2.0.0/STM32CubeIDE/plugins/com.st.stm32cube.ide.mcu.externaltools.gnu-tools-for-stm32.13.3.rel1.win32_1.0.100.202509120712/tools/bin/../lib/gcc/arm-none-eabi/13.3.1/thumb/v8-m.main+fp/hard\libgcc.a(_arm_fixdfsi.o)
 .ARM.attributes
                0x000004fc       0x26 C:/Program Files/STM32CubeIDE_2.0.0/STM32CubeIDE/plugins/com.st.stm32cube.ide.mcu.externaltools.gnu-tools-for-stm32.13.3.rel1.win32_1.0.100.202509120712/tools/bin/../lib/gcc/arm-none-eabi/13.3.1/thumb/v8-m.main+fp/hard/crtn.o
OUTPUT(Test_APP_Leds.elf elf32-littlearm)
LOAD linker stubs
LOAD C:/Program Files/STM32CubeIDE_2.0.0/STM32CubeIDE/plugins/com.st.stm32cube.ide.mcu.externaltools.gnu-tools-for-stm32.13.3.rel1.win32_1.0.100.202509120712/tools/bin/../lib/gcc/arm-none-eabi/13.3.1/../../../../arm-none-eabi/lib/thumb/v8-m.main+fp/hard\libc.a
LOAD C:/Program Files/STM32CubeIDE_2.0.0/STM32CubeIDE/plugins/com.st.stm32cube.ide.mcu.externaltools.gnu-tools-for-stm32.13.3.rel1.win32_1.0.100.202509120712/tools/bin/../lib/gcc/arm-none-eabi/13.3.1/../../../../arm-none-eabi/lib/thumb/v8-m.main+fp/hard\libm.a
LOAD C:/Program Files/STM32CubeIDE_2.0.0/STM32CubeIDE/plugins/com.st.stm32cube.ide.mcu.externaltools.gnu-tools-for-stm32.13.3.rel1.win32_1.0.100.202509120712/tools/bin/../lib/gcc/arm-none-eabi/13.3.1/thumb/v8-m.main+fp/hard\libgcc.a

.debug_line     0x00000000     0x58cc
 .debug_line    0x00000000       0x9c ./CORE/ALibSys/STH5_CStartupU.o
 .debug_line    0x0000009c      0x761 ./CORE/BH5_Amain.o
 .debug_line    0x000007fd      0x849 D:\A1\Test_APP_Leds\CORE\ALibSys\libSTLIB_H533.a(STM32_LibH5_BLib533.o)
 .debug_line    0x00001046      0x703 D:\A1\Test_APP_Leds\CORE\ALibSys\libSTLIB_H533.a(STM32_LibH5_BSys533.o)
 .debug_line    0x00001749      0x2c1 D:\A1\Test_APP_Leds\CORE\ALibSys\libSTLIB_H533.a(ISEP_AffiOLed.o)
 .debug_line    0x00001a0a      0x80d D:\A1\Test_APP_Leds\CORE\ALibSys\libSTLIB_H533.a(STM32_H5HAL_CORE.o)
 .debug_line    0x00002217      0xa9d D:\A1\Test_APP_Leds\CORE\ALibSys\libSTLIB_H533.a(STM32_H5HAL_GAnalog.o)
 .debug_line    0x00002cb4      0x75a D:\A1\Test_APP_Leds\CORE\ALibSys\libSTLIB_H533.a(STM32_H5HAL_GPIO.o)
 .debug_line    0x0000340e      0x6ea D:\A1\Test_APP_Leds\CORE\ALibSys\libSTLIB_H533.a(STM32_H5HAL_I2C.o)
 .debug_line    0x00003af8      0x887 D:\A1\Test_APP_Leds\CORE\ALibSys\libSTLIB_H533.a(STM32_H5HAL_IRQIO.o)
 .debug_line    0x0000437f      0x76c D:\A1\Test_APP_Leds\CORE\ALibSys\libSTLIB_H533.a(STM32_H5HAL_PWM2.o)
 .debug_line    0x00004aeb      0x640 D:\A1\Test_APP_Leds\CORE\ALibSys\libSTLIB_H533.a(STM32_H5HAL_RCC.o)
 .debug_line    0x0000512b      0x7a1 D:\A1\Test_APP_Leds\CORE\ALibSys\libSTLIB_H533.a(STM32_H5HAL_UART.o)

.debug_line_str
                0x00000000       0x46
 .debug_line_str
                0x00000000       0x46 ./CORE/ALibSys/STH5_CStartupU.o

.debug_info     0x00000000     0x8a5e
 .debug_info    0x00000000       0x30 ./CORE/ALibSys/STH5_CStartupU.o
 .debug_info    0x00000030      0xc0c ./CORE/BH5_Amain.o
 .debug_info    0x00000c3c     0x221d D:\A1\Test_APP_Leds\CORE\ALibSys\libSTLIB_H533.a(STM32_LibH5_BLib533.o)
 .debug_info    0x00002e59      0x563 D:\A1\Test_APP_Leds\CORE\ALibSys\libSTLIB_H533.a(STM32_LibH5_BSys533.o)
 .debug_info    0x000033bc      0x404 D:\A1\Test_APP_Leds\CORE\ALibSys\libSTLIB_H533.a(ISEP_AffiOLed.o)
 .debug_info    0x000037c0     0x1285 D:\A1\Test_APP_Leds\CORE\ALibSys\libSTLIB_H533.a(STM32_H5HAL_CORE.o)
 .debug_info    0x00004a45     0x1314 D:\A1\Test_APP_Leds\CORE\ALibSys\libSTLIB_H533.a(STM32_H5HAL_GAnalog.o)
 .debug_info    0x00005d59      0x55a D:\A1\Test_APP_Leds\CORE\ALibSys\libSTLIB_H533.a(STM32_H5HAL_GPIO.o)
 .debug_info    0x000062b3      0x323 D:\A1\Test_APP_Leds\CORE\ALibSys\libSTLIB_H533.a(STM32_H5HAL_I2C.o)
 .debug_info    0x000065d6      0xac2 D:\A1\Test_APP_Leds\CORE\ALibSys\libSTLIB_H533.a(STM32_H5HAL_IRQIO.o)
 .debug_info    0x00007098      0x781 D:\A1\Test_APP_Leds\CORE\ALibSys\libSTLIB_H533.a(STM32_H5HAL_PWM2.o)
 .debug_info    0x00007819      0x961 D:\A1\Test_APP_Leds\CORE\ALibSys\libSTLIB_H533.a(STM32_H5HAL_RCC.o)
 .debug_info    0x0000817a      0x8e4 D:\A1\Test_APP_Leds\CORE\ALibSys\libSTLIB_H533.a(STM32_H5HAL_UART.o)

.debug_abbrev   0x00000000     0x18be
 .debug_abbrev  0x00000000       0x24 ./CORE/ALibSys/STH5_CStartupU.o
 .debug_abbrev  0x00000024      0x191 ./CORE/BH5_Amain.o
 .debug_abbrev  0x000001b5      0x330 D:\A1\Test_APP_Leds\CORE\ALibSys\libSTLIB_H533.a(STM32_LibH5_BLib533.o)
 .debug_abbrev  0x000004e5      0x1a0 D:\A1\Test_APP_Leds\CORE\ALibSys\libSTLIB_H533.a(STM32_LibH5_BSys533.o)
 .debug_abbrev  0x00000685      0x15e D:\A1\Test_APP_Leds\CORE\ALibSys\libSTLIB_H533.a(ISEP_AffiOLed.o)
 .debug_abbrev  0x000007e3      0x29b D:\A1\Test_APP_Leds\CORE\ALibSys\libSTLIB_H533.a(STM32_H5HAL_CORE.o)
 .debug_abbrev  0x00000a7e      0x2f8 D:\A1\Test_APP_Leds\CORE\ALibSys\libSTLIB_H533.a(STM32_H5HAL_GAnalog.o)
 .debug_abbrev  0x00000d76      0x1c7 D:\A1\Test_APP_Leds\CORE\ALibSys\libSTLIB_H533.a(STM32_H5HAL_GPIO.o)
 .debug_abbrev  0x00000f3d      0x141 D:\A1\Test_APP_Leds\CORE\ALibSys\libSTLIB_H533.a(STM32_H5HAL_I2C.o)
 .debug_abbrev  0x0000107e      0x22d D:\A1\Test_APP_Leds\CORE\ALibSys\libSTLIB_H533.a(STM32_H5HAL_IRQIO.o)
 .debug_abbrev  0x000012ab      0x1f8 D:\A1\Test_APP_Leds\CORE\ALibSys\libSTLIB_H533.a(STM32_H5HAL_PWM2.o)
 .debug_abbrev  0x000014a3      0x1c6 D:\A1\Test_APP_Leds\CORE\ALibSys\libSTLIB_H533.a(STM32_H5HAL_RCC.o)
 .debug_abbrev  0x00001669      0x255 D:\A1\Test_APP_Leds\CORE\ALibSys\libSTLIB_H533.a(STM32_H5HAL_UART.o)

.debug_aranges  0x00000000      0x5b0
 .debug_aranges
                0x00000000       0x28 ./CORE/ALibSys/STH5_CStartupU.o
 .debug_aranges
                0x00000028       0x40 ./CORE/BH5_Amain.o
 .debug_aranges
                0x00000068       0x70 D:\A1\Test_APP_Leds\CORE\ALibSys\libSTLIB_H533.a(STM32_LibH5_BLib533.o)
 .debug_aranges
                0x000000d8       0xe0 D:\A1\Test_APP_Leds\CORE\ALibSys\libSTLIB_H533.a(STM32_LibH5_BSys533.o)
 .debug_aranges
                0x000001b8       0x90 D:\A1\Test_APP_Leds\CORE\ALibSys\libSTLIB_H533.a(ISEP_AffiOLed.o)
 .debug_aranges
                0x00000248       0xb8 D:\A1\Test_APP_Leds\CORE\ALibSys\libSTLIB_H533.a(STM32_H5HAL_CORE.o)
 .debug_aranges
                0x00000300       0xa0 D:\A1\Test_APP_Leds\CORE\ALibSys\libSTLIB_H533.a(STM32_H5HAL_GAnalog.o)
 .debug_aranges
                0x000003a0       0x68 D:\A1\Test_APP_Leds\CORE\ALibSys\libSTLIB_H533.a(STM32_H5HAL_GPIO.o)
 .debug_aranges
                0x00000408       0x30 D:\A1\Test_APP_Leds\CORE\ALibSys\libSTLIB_H533.a(STM32_H5HAL_I2C.o)
 .debug_aranges
                0x00000438       0x90 D:\A1\Test_APP_Leds\CORE\ALibSys\libSTLIB_H533.a(STM32_H5HAL_IRQIO.o)
 .debug_aranges
                0x000004c8       0x70 D:\A1\Test_APP_Leds\CORE\ALibSys\libSTLIB_H533.a(STM32_H5HAL_PWM2.o)
 .debug_aranges
                0x00000538       0x30 D:\A1\Test_APP_Leds\CORE\ALibSys\libSTLIB_H533.a(STM32_H5HAL_RCC.o)
 .debug_aranges
                0x00000568       0x48 D:\A1\Test_APP_Leds\CORE\ALibSys\libSTLIB_H533.a(STM32_H5HAL_UART.o)

.debug_str      0x00000000    0xbc8e6
 .debug_str     0x00000000    0xbc8e6 ./CORE/ALibSys/STH5_CStartupU.o
                                 0x62 (size before relaxing)
 .debug_str     0x000bc8e6        0x0 ./CORE/BH5_Amain.o
                               0x7b9d (size before relaxing)
 .debug_str     0x000bc8e6        0x0 D:\A1\Test_APP_Leds\CORE\ALibSys\libSTLIB_H533.a(STM32_LibH5_BLib533.o)
                              0xb78f0 (size before relaxing)
 .debug_str     0x000bc8e6        0x0 D:\A1\Test_APP_Leds\CORE\ALibSys\libSTLIB_H533.a(STM32_LibH5_BSys533.o)
                               0x640c (size before relaxing)
 .debug_str     0x000bc8e6        0x0 D:\A1\Test_APP_Leds\CORE\ALibSys\libSTLIB_H533.a(ISEP_AffiOLed.o)
                               0x3046 (size before relaxing)
 .debug_str     0x000bc8e6        0x0 D:\A1\Test_APP_Leds\CORE\ALibSys\libSTLIB_H533.a(STM32_H5HAL_CORE.o)
                              0xb7337 (size before relaxing)
 .debug_str     0x000bc8e6        0x0 D:\A1\Test_APP_Leds\CORE\ALibSys\libSTLIB_H533.a(STM32_H5HAL_GAnalog.o)
                              0xb74f1 (size before relaxing)
 .debug_str     0x000bc8e6        0x0 D:\A1\Test_APP_Leds\CORE\ALibSys\libSTLIB_H533.a(STM32_H5HAL_GPIO.o)
                              0xb6933 (size before relaxing)
 .debug_str     0x000bc8e6        0x0 D:\A1\Test_APP_Leds\CORE\ALibSys\libSTLIB_H533.a(STM32_H5HAL_I2C.o)
                              0xb6777 (size before relaxing)
 .debug_str     0x000bc8e6        0x0 D:\A1\Test_APP_Leds\CORE\ALibSys\libSTLIB_H533.a(STM32_H5HAL_IRQIO.o)
                              0xb707c (size before relaxing)
 .debug_str     0x000bc8e6        0x0 D:\A1\Test_APP_Leds\CORE\ALibSys\libSTLIB_H533.a(STM32_H5HAL_PWM2.o)
                              0xb69e0 (size before relaxing)
 .debug_str     0x000bc8e6        0x0 D:\A1\Test_APP_Leds\CORE\ALibSys\libSTLIB_H533.a(STM32_H5HAL_RCC.o)
                              0xb6cf0 (size before relaxing)
 .debug_str     0x000bc8e6        0x0 D:\A1\Test_APP_Leds\CORE\ALibSys\libSTLIB_H533.a(STM32_H5HAL_UART.o)
                              0xb6f80 (size before relaxing)

.debug_rnglists
                0x00000000      0x433
 .debug_rnglists
                0x00000000       0x1a ./CORE/ALibSys/STH5_CStartupU.o
 .debug_rnglists
                0x0000001a       0x39 ./CORE/BH5_Amain.o
 .debug_rnglists
                0x00000053       0x52 D:\A1\Test_APP_Leds\CORE\ALibSys\libSTLIB_H533.a(STM32_LibH5_BLib533.o)
 .debug_rnglists
                0x000000a5       0xa3 D:\A1\Test_APP_Leds\CORE\ALibSys\libSTLIB_H533.a(STM32_LibH5_BSys533.o)
 .debug_rnglists
                0x00000148       0x68 D:\A1\Test_APP_Leds\CORE\ALibSys\libSTLIB_H533.a(ISEP_AffiOLed.o)
 .debug_rnglists
                0x000001b0       0x86 D:\A1\Test_APP_Leds\CORE\ALibSys\libSTLIB_H533.a(STM32_H5HAL_CORE.o)
 .debug_rnglists
                0x00000236       0x7d D:\A1\Test_APP_Leds\CORE\ALibSys\libSTLIB_H533.a(STM32_H5HAL_GAnalog.o)
 .debug_rnglists
                0x000002b3       0x4a D:\A1\Test_APP_Leds\CORE\ALibSys\libSTLIB_H533.a(STM32_H5HAL_GPIO.o)
 .debug_rnglists
                0x000002fd       0x21 D:\A1\Test_APP_Leds\CORE\ALibSys\libSTLIB_H533.a(STM32_H5HAL_I2C.o)
 .debug_rnglists
                0x0000031e       0x6a D:\A1\Test_APP_Leds\CORE\ALibSys\libSTLIB_H533.a(STM32_H5HAL_IRQIO.o)
 .debug_rnglists
                0x00000388       0x54 D:\A1\Test_APP_Leds\CORE\ALibSys\libSTLIB_H533.a(STM32_H5HAL_PWM2.o)
 .debug_rnglists
                0x000003dc       0x22 D:\A1\Test_APP_Leds\CORE\ALibSys\libSTLIB_H533.a(STM32_H5HAL_RCC.o)
 .debug_rnglists
                0x000003fe       0x35 D:\A1\Test_APP_Leds\CORE\ALibSys\libSTLIB_H533.a(STM32_H5HAL_UART.o)

.debug_loclists
                0x00000000       0x9a
 .debug_loclists
                0x00000000       0x9a ./CORE/BH5_Amain.o

.debug_macro    0x00000000    0x214bc
 .debug_macro   0x00000000      0x1a9 ./CORE/BH5_Amain.o
 .debug_macro   0x000001a9      0xacc ./CORE/BH5_Amain.o
 .debug_macro   0x00000c75       0x22 ./CORE/BH5_Amain.o
 .debug_macro   0x00000c97       0x8e ./CORE/BH5_Amain.o
 .debug_macro   0x00000d25       0x51 ./CORE/BH5_Amain.o
 .debug_macro   0x00000d76      0x103 ./CORE/BH5_Amain.o
 .debug_macro   0x00000e79       0x6a ./CORE/BH5_Amain.o
 .debug_macro   0x00000ee3      0x1df ./CORE/BH5_Amain.o
 .debug_macro   0x000010c2       0x74 ./CORE/BH5_Amain.o
 .debug_macro   0x00001136       0x2a ./CORE/BH5_Amain.o
 .debug_macro   0x00001160       0x3c ./CORE/BH5_Amain.o
 .debug_macro   0x0000119c       0x34 ./CORE/BH5_Amain.o
 .debug_macro   0x000011d0       0x16 ./CORE/BH5_Amain.o
 .debug_macro   0x000011e6       0x9e ./CORE/BH5_Amain.o
 .debug_macro   0x00001284      0x370 ./CORE/BH5_Amain.o
 .debug_macro   0x000015f4      0x112 ./CORE/BH5_Amain.o
 .debug_macro   0x00001706       0x10 ./CORE/BH5_Amain.o
 .debug_macro   0x00001716       0x16 ./CORE/BH5_Amain.o
 .debug_macro   0x0000172c       0x4a ./CORE/BH5_Amain.o
 .debug_macro   0x00001776       0x34 ./CORE/BH5_Amain.o
 .debug_macro   0x000017aa       0x10 ./CORE/BH5_Amain.o
 .debug_macro   0x000017ba       0x58 ./CORE/BH5_Amain.o
 .debug_macro   0x00001812      0x1e5 ./CORE/BH5_Amain.o
 .debug_macro   0x000019f7       0x16 ./CORE/BH5_Amain.o
 .debug_macro   0x00001a0d       0x16 ./CORE/BH5_Amain.o
 .debug_macro   0x00001a23      0x170 ./CORE/BH5_Amain.o
 .debug_macro   0x00001b93      0x1e4 ./CORE/BH5_Amain.o
 .debug_macro   0x00001d77       0x4c ./CORE/BH5_Amain.o
 .debug_macro   0x00001dc3       0xfb D:\A1\Test_APP_Leds\CORE\ALibSys\libSTLIB_H533.a(STM32_LibH5_BLib533.o)
 .debug_macro   0x00001ebe      0xacc D:\A1\Test_APP_Leds\CORE\ALibSys\libSTLIB_H533.a(STM32_LibH5_BLib533.o)
 .debug_macro   0x0000298a       0x2e D:\A1\Test_APP_Leds\CORE\ALibSys\libSTLIB_H533.a(STM32_LibH5_BLib533.o)
 .debug_macro   0x000029b8       0x3a D:\A1\Test_APP_Leds\CORE\ALibSys\libSTLIB_H533.a(STM32_LibH5_BLib533.o)
 .debug_macro   0x000029f2       0x3c D:\A1\Test_APP_Leds\CORE\ALibSys\libSTLIB_H533.a(STM32_LibH5_BLib533.o)
 .debug_macro   0x00002a2e       0xfb D:\A1\Test_APP_Leds\CORE\ALibSys\libSTLIB_H533.a(STM32_LibH5_BLib533.o)
 .debug_macro   0x00002b29     0x1685 D:\A1\Test_APP_Leds\CORE\ALibSys\libSTLIB_H533.a(STM32_LibH5_BLib533.o)
 .debug_macro   0x000041ae       0x5e D:\A1\Test_APP_Leds\CORE\ALibSys\libSTLIB_H533.a(STM32_LibH5_BLib533.o)
 .debug_macro   0x0000420c    0x1bf5b D:\A1\Test_APP_Leds\CORE\ALibSys\libSTLIB_H533.a(STM32_LibH5_BLib533.o)
 .debug_macro   0x00020167       0x5f D:\A1\Test_APP_Leds\CORE\ALibSys\libSTLIB_H533.a(STM32_LibH5_BLib533.o)
 .debug_macro   0x000201c6      0x67b D:\A1\Test_APP_Leds\CORE\ALibSys\libSTLIB_H533.a(STM32_LibH5_BLib533.o)
 .debug_macro   0x00020841       0x58 D:\A1\Test_APP_Leds\CORE\ALibSys\libSTLIB_H533.a(STM32_LibH5_BLib533.o)
 .debug_macro   0x00020899       0xf6 D:\A1\Test_APP_Leds\CORE\ALibSys\libSTLIB_H533.a(STM32_LibH5_BSys533.o)
 .debug_macro   0x0002098f       0x6e D:\A1\Test_APP_Leds\CORE\ALibSys\libSTLIB_H533.a(STM32_LibH5_BSys533.o)
 .debug_macro   0x000209fd       0x94 D:\A1\Test_APP_Leds\CORE\ALibSys\libSTLIB_H533.a(STM32_LibH5_BSys533.o)
 .debug_macro   0x00020a91      0x190 D:\A1\Test_APP_Leds\CORE\ALibSys\libSTLIB_H533.a(STM32_LibH5_BSys533.o)
 .debug_macro   0x00020c21       0x57 D:\A1\Test_APP_Leds\CORE\ALibSys\libSTLIB_H533.a(STM32_LibH5_BSys533.o)
 .debug_macro   0x00020c78       0x10 D:\A1\Test_APP_Leds\CORE\ALibSys\libSTLIB_H533.a(STM32_LibH5_BSys533.o)
 .debug_macro   0x00020c88       0x3c D:\A1\Test_APP_Leds\CORE\ALibSys\libSTLIB_H533.a(STM32_LibH5_BSys533.o)
 .debug_macro   0x00020cc4       0x20 D:\A1\Test_APP_Leds\CORE\ALibSys\libSTLIB_H533.a(STM32_LibH5_BSys533.o)
 .debug_macro   0x00020ce4       0x1b D:\A1\Test_APP_Leds\CORE\ALibSys\libSTLIB_H533.a(ISEP_AffiOLed.o)
 .debug_macro   0x00020cff       0xbe D:\A1\Test_APP_Leds\CORE\ALibSys\libSTLIB_H533.a(STM32_H5HAL_CORE.o)
 .debug_macro   0x00020dbd       0x2e D:\A1\Test_APP_Leds\CORE\ALibSys\libSTLIB_H533.a(STM32_H5HAL_CORE.o)
 .debug_macro   0x00020deb       0x5f D:\A1\Test_APP_Leds\CORE\ALibSys\libSTLIB_H533.a(STM32_H5HAL_CORE.o)
 .debug_macro   0x00020e4a       0xd4 D:\A1\Test_APP_Leds\CORE\ALibSys\libSTLIB_H533.a(STM32_H5HAL_GAnalog.o)
 .debug_macro   0x00020f1e       0x7c D:\A1\Test_APP_Leds\CORE\ALibSys\libSTLIB_H533.a(STM32_H5HAL_GAnalog.o)
 .debug_macro   0x00020f9a       0xc1 D:\A1\Test_APP_Leds\CORE\ALibSys\libSTLIB_H533.a(STM32_H5HAL_GPIO.o)
 .debug_macro   0x0002105b       0xca D:\A1\Test_APP_Leds\CORE\ALibSys\libSTLIB_H533.a(STM32_H5HAL_I2C.o)
 .debug_macro   0x00021125       0xd9 D:\A1\Test_APP_Leds\CORE\ALibSys\libSTLIB_H533.a(STM32_H5HAL_IRQIO.o)
 .debug_macro   0x000211fe       0xd6 D:\A1\Test_APP_Leds\CORE\ALibSys\libSTLIB_H533.a(STM32_H5HAL_PWM2.o)
 .debug_macro   0x000212d4      0x106 D:\A1\Test_APP_Leds\CORE\ALibSys\libSTLIB_H533.a(STM32_H5HAL_RCC.o)
 .debug_macro   0x000213da       0xe2 D:\A1\Test_APP_Leds\CORE\ALibSys\libSTLIB_H533.a(STM32_H5HAL_UART.o)

.comment        0x00000000       0x43
 .comment       0x00000000       0x43 ./CORE/BH5_Amain.o
                                 0x44 (size before relaxing)
 .comment       0x00000043        0x0 D:\A1\Test_APP_Leds\CORE\ALibSys\libSTLIB_H533.a(STM32_LibH5_BLib533.o)
                                 0x44 (size before relaxing)
 .comment       0x00000043        0x0 D:\A1\Test_APP_Leds\CORE\ALibSys\libSTLIB_H533.a(STM32_LibH5_BSys533.o)
                                 0x44 (size before relaxing)
 .comment       0x00000043        0x0 D:\A1\Test_APP_Leds\CORE\ALibSys\libSTLIB_H533.a(ISEP_AffiOLed.o)
                                 0x44 (size before relaxing)
 .comment       0x00000043        0x0 D:\A1\Test_APP_Leds\CORE\ALibSys\libSTLIB_H533.a(STM32_H5HAL_CORE.o)
                                 0x44 (size before relaxing)
 .comment       0x00000043        0x0 D:\A1\Test_APP_Leds\CORE\ALibSys\libSTLIB_H533.a(STM32_H5HAL_GAnalog.o)
                                 0x44 (size before relaxing)
 .comment       0x00000043        0x0 D:\A1\Test_APP_Leds\CORE\ALibSys\libSTLIB_H533.a(STM32_H5HAL_GPIO.o)
                                 0x44 (size before relaxing)
 .comment       0x00000043        0x0 D:\A1\Test_APP_Leds\CORE\ALibSys\libSTLIB_H533.a(STM32_H5HAL_I2C.o)
                                 0x44 (size before relaxing)
 .comment       0x00000043        0x0 D:\A1\Test_APP_Leds\CORE\ALibSys\libSTLIB_H533.a(STM32_H5HAL_IRQIO.o)
                                 0x44 (size before relaxing)
 .comment       0x00000043        0x0 D:\A1\Test_APP_Leds\CORE\ALibSys\libSTLIB_H533.a(STM32_H5HAL_PWM2.o)
                                 0x44 (size before relaxing)
 .comment       0x00000043        0x0 D:\A1\Test_APP_Leds\CORE\ALibSys\libSTLIB_H533.a(STM32_H5HAL_RCC.o)
                                 0x44 (size before relaxing)
 .comment       0x00000043        0x0 D:\A1\Test_APP_Leds\CORE\ALibSys\libSTLIB_H533.a(STM32_H5HAL_UART.o)
                                 0x44 (size before relaxing)

.debug_frame    0x00000000     0x1704
 .debug_frame   0x00000000       0x90 ./CORE/BH5_Amain.o
 .debug_frame   0x00000090      0x1b0 D:\A1\Test_APP_Leds\CORE\ALibSys\libSTLIB_H533.a(STM32_LibH5_BLib533.o)
 .debug_frame   0x00000240      0x34c D:\A1\Test_APP_Leds\CORE\ALibSys\libSTLIB_H533.a(STM32_LibH5_BSys533.o)
 .debug_frame   0x0000058c      0x21c D:\A1\Test_APP_Leds\CORE\ALibSys\libSTLIB_H533.a(ISEP_AffiOLed.o)
 .debug_frame   0x000007a8      0x2e8 D:\A1\Test_APP_Leds\CORE\ALibSys\libSTLIB_H533.a(STM32_H5HAL_CORE.o)
 .debug_frame   0x00000a90      0x284 D:\A1\Test_APP_Leds\CORE\ALibSys\libSTLIB_H533.a(STM32_H5HAL_GAnalog.o)
 .debug_frame   0x00000d14      0x18c D:\A1\Test_APP_Leds\CORE\ALibSys\libSTLIB_H533.a(STM32_H5HAL_GPIO.o)
 .debug_frame   0x00000ea0       0x80 D:\A1\Test_APP_Leds\CORE\ALibSys\libSTLIB_H533.a(STM32_H5HAL_I2C.o)
 .debug_frame   0x00000f20      0x1fc D:\A1\Test_APP_Leds\CORE\ALibSys\libSTLIB_H533.a(STM32_H5HAL_IRQIO.o)
 .debug_frame   0x0000111c      0x194 D:\A1\Test_APP_Leds\CORE\ALibSys\libSTLIB_H533.a(STM32_H5HAL_PWM2.o)
 .debug_frame   0x000012b0       0x80 D:\A1\Test_APP_Leds\CORE\ALibSys\libSTLIB_H533.a(STM32_H5HAL_RCC.o)
 .debug_frame   0x00001330       0xf4 D:\A1\Test_APP_Leds\CORE\ALibSys\libSTLIB_H533.a(STM32_H5HAL_UART.o)
 .debug_frame   0x00001424       0x2c C:/Program Files/STM32CubeIDE_2.0.0/STM32CubeIDE/plugins/com.st.stm32cube.ide.mcu.externaltools.gnu-tools-for-stm32.13.3.rel1.win32_1.0.100.202509120712/tools/bin/../lib/gcc/arm-none-eabi/13.3.1/../../../../arm-none-eabi/lib/thumb/v8-m.main+fp/hard\libc.a(libc_a-init.o)
 .debug_frame   0x00001450       0xb0 C:/Program Files/STM32CubeIDE_2.0.0/STM32CubeIDE/plugins/com.st.stm32cube.ide.mcu.externaltools.gnu-tools-for-stm32.13.3.rel1.win32_1.0.100.202509120712/tools/bin/../lib/gcc/arm-none-eabi/13.3.1/../../../../arm-none-eabi/lib/thumb/v8-m.main+fp/hard\libc.a(libc_a-lock.o)
 .debug_frame   0x00001500       0x58 C:/Program Files/STM32CubeIDE_2.0.0/STM32CubeIDE/plugins/com.st.stm32cube.ide.mcu.externaltools.gnu-tools-for-stm32.13.3.rel1.win32_1.0.100.202509120712/tools/bin/../lib/gcc/arm-none-eabi/13.3.1/../../../../arm-none-eabi/lib/thumb/v8-m.main+fp/hard\libc.a(libc_a-__call_atexit.o)
 .debug_frame   0x00001558       0x20 C:/Program Files/STM32CubeIDE_2.0.0/STM32CubeIDE/plugins/com.st.stm32cube.ide.mcu.externaltools.gnu-tools-for-stm32.13.3.rel1.win32_1.0.100.202509120712/tools/bin/../lib/gcc/arm-none-eabi/13.3.1/../../../../arm-none-eabi/lib/thumb/v8-m.main+fp/hard\libc.a(libc_a-atexit.o)
 .debug_frame   0x00001578       0x38 C:/Program Files/STM32CubeIDE_2.0.0/STM32CubeIDE/plugins/com.st.stm32cube.ide.mcu.externaltools.gnu-tools-for-stm32.13.3.rel1.win32_1.0.100.202509120712/tools/bin/../lib/gcc/arm-none-eabi/13.3.1/../../../../arm-none-eabi/lib/thumb/v8-m.main+fp/hard\libc.a(libc_a-fini.o)
 .debug_frame   0x000015b0       0x34 C:/Program Files/STM32CubeIDE_2.0.0/STM32CubeIDE/plugins/com.st.stm32cube.ide.mcu.externaltools.gnu-tools-for-stm32.13.3.rel1.win32_1.0.100.202509120712/tools/bin/../lib/gcc/arm-none-eabi/13.3.1/../../../../arm-none-eabi/lib/thumb/v8-m.main+fp/hard\libc.a(libc_a-__atexit.o)
 .debug_frame   0x000015e4       0xac C:/Program Files/STM32CubeIDE_2.0.0/STM32CubeIDE/plugins/com.st.stm32cube.ide.mcu.externaltools.gnu-tools-for-stm32.13.3.rel1.win32_1.0.100.202509120712/tools/bin/../lib/gcc/arm-none-eabi/13.3.1/thumb/v8-m.main+fp/hard\libgcc.a(_arm_addsubdf3.o)
 .debug_frame   0x00001690       0x50 C:/Program Files/STM32CubeIDE_2.0.0/STM32CubeIDE/plugins/com.st.stm32cube.ide.mcu.externaltools.gnu-tools-for-stm32.13.3.rel1.win32_1.0.100.202509120712/tools/bin/../lib/gcc/arm-none-eabi/13.3.1/thumb/v8-m.main+fp/hard\libgcc.a(_arm_muldivdf3.o)
 .debug_frame   0x000016e0       0x24 C:/Program Files/STM32CubeIDE_2.0.0/STM32CubeIDE/plugins/com.st.stm32cube.ide.mcu.externaltools.gnu-tools-for-stm32.13.3.rel1.win32_1.0.100.202509120712/tools/bin/../lib/gcc/arm-none-eabi/13.3.1/thumb/v8-m.main+fp/hard\libgcc.a(_arm_fixdfsi.o)
